<?xml version="1.0" encoding="ISO-8859-1" ?>
<link_info>
   <banner>MSP430 Linker PC v18.12.1.LTS</banner>
   <copyright>Copyright (c) 2003-2018 Texas Instruments Incorporated</copyright>
   <link_time>0x5ced9761</link_time>
   <link_errors>0x0</link_errors>
   <output_file>Master_MCU_5_18_19.out</output_file>
   <entry_point>
      <name>_c_int00_noargs</name>
      <address>0x4400</address>
   </entry_point>
   <input_file_list>
      <input_file id="fl-2">
         <path>.\</path>
         <kind>object</kind>
         <file>LTC6811.obj</file>
         <name>LTC6811.obj</name>
      </input_file>
      <input_file id="fl-3">
         <path>.\</path>
         <kind>object</kind>
         <file>PEC.obj</file>
         <name>PEC.obj</name>
      </input_file>
      <input_file id="fl-4">
         <path>.\</path>
         <kind>object</kind>
         <file>SPI.obj</file>
         <name>SPI.obj</name>
      </input_file>
      <input_file id="fl-5">
         <path>.\</path>
         <kind>object</kind>
         <file>UART_to_USB.obj</file>
         <name>UART_to_USB.obj</name>
      </input_file>
      <input_file id="fl-6">
         <path>.\</path>
         <kind>object</kind>
         <file>main.obj</file>
         <name>main.obj</name>
      </input_file>
      <input_file id="fl-c">
         <kind>object</kind>
         <file>&lt;internal&gt;</file>
         <name>&lt;internal&gt;</name>
      </input_file>
      <input_file id="fl-27">
         <path>C:\ti\ccs900\ccs\tools\compiler\ti-cgt-msp430_18.12.1.LTS\lib\</path>
         <kind>archive</kind>
         <file>rts430x_lc_rd_eabi.lib</file>
         <name>sprintf.c.obj</name>
      </input_file>
      <input_file id="fl-28">
         <path>C:\ti\ccs900\ccs\tools\compiler\ti-cgt-msp430_18.12.1.LTS\lib\</path>
         <kind>archive</kind>
         <file>rts430x_lc_rd_eabi.lib</file>
         <name>int41.asm.obj</name>
      </input_file>
      <input_file id="fl-29">
         <path>C:\ti\ccs900\ccs\tools\compiler\ti-cgt-msp430_18.12.1.LTS\lib\</path>
         <kind>archive</kind>
         <file>rts430x_lc_rd_eabi.lib</file>
         <name>int42.asm.obj</name>
      </input_file>
      <input_file id="fl-2a">
         <path>C:\ti\ccs900\ccs\tools\compiler\ti-cgt-msp430_18.12.1.LTS\lib\</path>
         <kind>archive</kind>
         <file>rts430x_lc_rd_eabi.lib</file>
         <name>int43.asm.obj</name>
      </input_file>
      <input_file id="fl-2b">
         <path>C:\ti\ccs900\ccs\tools\compiler\ti-cgt-msp430_18.12.1.LTS\lib\</path>
         <kind>archive</kind>
         <file>rts430x_lc_rd_eabi.lib</file>
         <name>int44.asm.obj</name>
      </input_file>
      <input_file id="fl-2c">
         <path>C:\ti\ccs900\ccs\tools\compiler\ti-cgt-msp430_18.12.1.LTS\lib\</path>
         <kind>archive</kind>
         <file>rts430x_lc_rd_eabi.lib</file>
         <name>int45.asm.obj</name>
      </input_file>
      <input_file id="fl-2d">
         <path>C:\ti\ccs900\ccs\tools\compiler\ti-cgt-msp430_18.12.1.LTS\lib\</path>
         <kind>archive</kind>
         <file>rts430x_lc_rd_eabi.lib</file>
         <name>int46.asm.obj</name>
      </input_file>
      <input_file id="fl-2e">
         <path>C:\ti\ccs900\ccs\tools\compiler\ti-cgt-msp430_18.12.1.LTS\lib\</path>
         <kind>archive</kind>
         <file>rts430x_lc_rd_eabi.lib</file>
         <name>int47.asm.obj</name>
      </input_file>
      <input_file id="fl-2f">
         <path>C:\ti\ccs900\ccs\tools\compiler\ti-cgt-msp430_18.12.1.LTS\lib\</path>
         <kind>archive</kind>
         <file>rts430x_lc_rd_eabi.lib</file>
         <name>int48.asm.obj</name>
      </input_file>
      <input_file id="fl-30">
         <path>C:\ti\ccs900\ccs\tools\compiler\ti-cgt-msp430_18.12.1.LTS\lib\</path>
         <kind>archive</kind>
         <file>rts430x_lc_rd_eabi.lib</file>
         <name>int49.asm.obj</name>
      </input_file>
      <input_file id="fl-31">
         <path>C:\ti\ccs900\ccs\tools\compiler\ti-cgt-msp430_18.12.1.LTS\lib\</path>
         <kind>archive</kind>
         <file>rts430x_lc_rd_eabi.lib</file>
         <name>int50.asm.obj</name>
      </input_file>
      <input_file id="fl-32">
         <path>C:\ti\ccs900\ccs\tools\compiler\ti-cgt-msp430_18.12.1.LTS\lib\</path>
         <kind>archive</kind>
         <file>rts430x_lc_rd_eabi.lib</file>
         <name>int51.asm.obj</name>
      </input_file>
      <input_file id="fl-33">
         <path>C:\ti\ccs900\ccs\tools\compiler\ti-cgt-msp430_18.12.1.LTS\lib\</path>
         <kind>archive</kind>
         <file>rts430x_lc_rd_eabi.lib</file>
         <name>int52.asm.obj</name>
      </input_file>
      <input_file id="fl-34">
         <path>C:\ti\ccs900\ccs\tools\compiler\ti-cgt-msp430_18.12.1.LTS\lib\</path>
         <kind>archive</kind>
         <file>rts430x_lc_rd_eabi.lib</file>
         <name>int53.asm.obj</name>
      </input_file>
      <input_file id="fl-35">
         <path>C:\ti\ccs900\ccs\tools\compiler\ti-cgt-msp430_18.12.1.LTS\lib\</path>
         <kind>archive</kind>
         <file>rts430x_lc_rd_eabi.lib</file>
         <name>int54.asm.obj</name>
      </input_file>
      <input_file id="fl-36">
         <path>C:\ti\ccs900\ccs\tools\compiler\ti-cgt-msp430_18.12.1.LTS\lib\</path>
         <kind>archive</kind>
         <file>rts430x_lc_rd_eabi.lib</file>
         <name>int55.asm.obj</name>
      </input_file>
      <input_file id="fl-37">
         <path>C:\ti\ccs900\ccs\tools\compiler\ti-cgt-msp430_18.12.1.LTS\lib\</path>
         <kind>archive</kind>
         <file>rts430x_lc_rd_eabi.lib</file>
         <name>int56.asm.obj</name>
      </input_file>
      <input_file id="fl-38">
         <path>C:\ti\ccs900\ccs\tools\compiler\ti-cgt-msp430_18.12.1.LTS\lib\</path>
         <kind>archive</kind>
         <file>rts430x_lc_rd_eabi.lib</file>
         <name>int57.asm.obj</name>
      </input_file>
      <input_file id="fl-39">
         <path>C:\ti\ccs900\ccs\tools\compiler\ti-cgt-msp430_18.12.1.LTS\lib\</path>
         <kind>archive</kind>
         <file>rts430x_lc_rd_eabi.lib</file>
         <name>int58.asm.obj</name>
      </input_file>
      <input_file id="fl-3a">
         <path>C:\ti\ccs900\ccs\tools\compiler\ti-cgt-msp430_18.12.1.LTS\lib\</path>
         <kind>archive</kind>
         <file>rts430x_lc_rd_eabi.lib</file>
         <name>int59.asm.obj</name>
      </input_file>
      <input_file id="fl-3b">
         <path>C:\ti\ccs900\ccs\tools\compiler\ti-cgt-msp430_18.12.1.LTS\lib\</path>
         <kind>archive</kind>
         <file>rts430x_lc_rd_eabi.lib</file>
         <name>int60.asm.obj</name>
      </input_file>
      <input_file id="fl-3c">
         <path>C:\ti\ccs900\ccs\tools\compiler\ti-cgt-msp430_18.12.1.LTS\lib\</path>
         <kind>archive</kind>
         <file>rts430x_lc_rd_eabi.lib</file>
         <name>int61.asm.obj</name>
      </input_file>
      <input_file id="fl-3d">
         <path>C:\ti\ccs900\ccs\tools\compiler\ti-cgt-msp430_18.12.1.LTS\lib\</path>
         <kind>archive</kind>
         <file>rts430x_lc_rd_eabi.lib</file>
         <name>int62.asm.obj</name>
      </input_file>
      <input_file id="fl-3e">
         <path>C:\ti\ccs900\ccs\tools\compiler\ti-cgt-msp430_18.12.1.LTS\lib\</path>
         <kind>archive</kind>
         <file>rts430x_lc_rd_eabi.lib</file>
         <name>isr_trap.asm.obj</name>
      </input_file>
      <input_file id="fl-3f">
         <path>C:\ti\ccs900\ccs\tools\compiler\ti-cgt-msp430_18.12.1.LTS\lib\</path>
         <kind>archive</kind>
         <file>rts430x_lc_rd_eabi.lib</file>
         <name>lsl16.asm.obj</name>
      </input_file>
      <input_file id="fl-40">
         <path>C:\ti\ccs900\ccs\tools\compiler\ti-cgt-msp430_18.12.1.LTS\lib\</path>
         <kind>archive</kind>
         <file>rts430x_lc_rd_eabi.lib</file>
         <name>mult16.asm.obj</name>
      </input_file>
      <input_file id="fl-41">
         <path>C:\ti\ccs900\ccs\tools\compiler\ti-cgt-msp430_18.12.1.LTS\lib\</path>
         <kind>archive</kind>
         <file>rts430x_lc_rd_eabi.lib</file>
         <name>mult16_f5hw.asm.obj</name>
      </input_file>
      <input_file id="fl-42">
         <path>C:\ti\ccs900\ccs\tools\compiler\ti-cgt-msp430_18.12.1.LTS\lib\</path>
         <kind>archive</kind>
         <file>rts430x_lc_rd_eabi.lib</file>
         <name>mult1632_f5hw.asm.obj</name>
      </input_file>
      <input_file id="fl-43">
         <path>C:\ti\ccs900\ccs\tools\compiler\ti-cgt-msp430_18.12.1.LTS\lib\</path>
         <kind>archive</kind>
         <file>rts430x_lc_rd_eabi.lib</file>
         <name>mult32_f5hw.asm.obj</name>
      </input_file>
      <input_file id="fl-44">
         <path>C:\ti\ccs900\ccs\tools\compiler\ti-cgt-msp430_18.12.1.LTS\lib\</path>
         <kind>archive</kind>
         <file>rts430x_lc_rd_eabi.lib</file>
         <name>mult3264_f5hw.asm.obj</name>
      </input_file>
      <input_file id="fl-45">
         <path>C:\ti\ccs900\ccs\tools\compiler\ti-cgt-msp430_18.12.1.LTS\lib\</path>
         <kind>archive</kind>
         <file>rts430x_lc_rd_eabi.lib</file>
         <name>mult64_f5hw.asm.obj</name>
      </input_file>
      <input_file id="fl-46">
         <path>C:\ti\ccs900\ccs\tools\compiler\ti-cgt-msp430_18.12.1.LTS\lib\</path>
         <kind>archive</kind>
         <file>rts430x_lc_rd_eabi.lib</file>
         <name>boot.c.obj</name>
      </input_file>
      <input_file id="fl-47">
         <path>C:\ti\ccs900\ccs\tools\compiler\ti-cgt-msp430_18.12.1.LTS\lib\</path>
         <kind>archive</kind>
         <file>rts430x_lc_rd_eabi.lib</file>
         <name>autoinit.c.obj</name>
      </input_file>
      <input_file id="fl-48">
         <path>C:\ti\ccs900\ccs\tools\compiler\ti-cgt-msp430_18.12.1.LTS\lib\</path>
         <kind>archive</kind>
         <file>rts430x_lc_rd_eabi.lib</file>
         <name>copy_zero_init.c.obj</name>
      </input_file>
      <input_file id="fl-49">
         <path>C:\ti\ccs900\ccs\tools\compiler\ti-cgt-msp430_18.12.1.LTS\lib\</path>
         <kind>archive</kind>
         <file>rts430x_lc_rd_eabi.lib</file>
         <name>cpy_tbl.c.obj</name>
      </input_file>
      <input_file id="fl-4a">
         <path>C:\ti\ccs900\ccs\tools\compiler\ti-cgt-msp430_18.12.1.LTS\lib\</path>
         <kind>archive</kind>
         <file>rts430x_lc_rd_eabi.lib</file>
         <name>mpu_init.c.obj</name>
      </input_file>
      <input_file id="fl-4b">
         <path>C:\ti\ccs900\ccs\tools\compiler\ti-cgt-msp430_18.12.1.LTS\lib\</path>
         <kind>archive</kind>
         <file>rts430x_lc_rd_eabi.lib</file>
         <name>pre_init.c.obj</name>
      </input_file>
      <input_file id="fl-4c">
         <path>C:\ti\ccs900\ccs\tools\compiler\ti-cgt-msp430_18.12.1.LTS\lib\</path>
         <kind>archive</kind>
         <file>rts430x_lc_rd_eabi.lib</file>
         <name>startup.c.obj</name>
      </input_file>
      <input_file id="fl-4d">
         <path>C:\ti\ccs900\ccs\tools\compiler\ti-cgt-msp430_18.12.1.LTS\lib\</path>
         <kind>archive</kind>
         <file>rts430x_lc_rd_eabi.lib</file>
         <name>copy_decompress_none.c.obj</name>
      </input_file>
      <input_file id="fl-4e">
         <path>C:\ti\ccs900\ccs\tools\compiler\ti-cgt-msp430_18.12.1.LTS\lib\</path>
         <kind>archive</kind>
         <file>rts430x_lc_rd_eabi.lib</file>
         <name>copy_decompress_lzss.c.obj</name>
      </input_file>
      <input_file id="fl-4f">
         <path>C:\ti\ccs900\ccs\tools\compiler\ti-cgt-msp430_18.12.1.LTS\lib\</path>
         <kind>archive</kind>
         <file>rts430x_lc_rd_eabi.lib</file>
         <name>divd.c.obj</name>
      </input_file>
      <input_file id="fl-50">
         <path>C:\ti\ccs900\ccs\tools\compiler\ti-cgt-msp430_18.12.1.LTS\lib\</path>
         <kind>archive</kind>
         <file>rts430x_lc_rd_eabi.lib</file>
         <name>fltud.c.obj</name>
      </input_file>
      <input_file id="fl-51">
         <path>C:\ti\ccs900\ccs\tools\compiler\ti-cgt-msp430_18.12.1.LTS\lib\</path>
         <kind>archive</kind>
         <file>rts430x_lc_rd_eabi.lib</file>
         <name>fltuld.c.obj</name>
      </input_file>
      <input_file id="fl-52">
         <path>C:\ti\ccs900\ccs\tools\compiler\ti-cgt-msp430_18.12.1.LTS\lib\</path>
         <kind>archive</kind>
         <file>rts430x_lc_rd_eabi.lib</file>
         <name>frcdivd.c.obj</name>
      </input_file>
      <input_file id="fl-53">
         <path>C:\ti\ccs900\ccs\tools\compiler\ti-cgt-msp430_18.12.1.LTS\lib\</path>
         <kind>archive</kind>
         <file>rts430x_lc_rd_eabi.lib</file>
         <name>exit.c.obj</name>
      </input_file>
      <input_file id="fl-54">
         <path>C:\ti\ccs900\ccs\tools\compiler\ti-cgt-msp430_18.12.1.LTS\lib\</path>
         <kind>archive</kind>
         <file>rts430x_lc_rd_eabi.lib</file>
         <name>_lock.c.obj</name>
      </input_file>
      <input_file id="fl-55">
         <path>C:\ti\ccs900\ccs\tools\compiler\ti-cgt-msp430_18.12.1.LTS\lib\</path>
         <kind>archive</kind>
         <file>rts430x_lc_rd_eabi.lib</file>
         <name>args_main.c.obj</name>
      </input_file>
      <input_file id="fl-56">
         <path>C:\ti\ccs900\ccs\tools\compiler\ti-cgt-msp430_18.12.1.LTS\lib\</path>
         <kind>archive</kind>
         <file>rts430x_lc_rd_eabi.lib</file>
         <name>memcpy.c.obj</name>
      </input_file>
      <input_file id="fl-57">
         <path>C:\ti\ccs900\ccs\tools\compiler\ti-cgt-msp430_18.12.1.LTS\lib\</path>
         <kind>archive</kind>
         <file>rts430x_lc_rd_eabi.lib</file>
         <name>_printfi.c.obj</name>
      </input_file>
      <input_file id="fl-58">
         <path>C:\ti\ccs900\ccs\tools\compiler\ti-cgt-msp430_18.12.1.LTS\lib\</path>
         <kind>archive</kind>
         <file>rts430x_lc_rd_eabi.lib</file>
         <name>s_frexp.c.obj</name>
      </input_file>
      <input_file id="fl-59">
         <path>C:\ti\ccs900\ccs\tools\compiler\ti-cgt-msp430_18.12.1.LTS\lib\</path>
         <kind>archive</kind>
         <file>rts430x_lc_rd_eabi.lib</file>
         <name>s_scalbn.c.obj</name>
      </input_file>
      <input_file id="fl-5a">
         <path>C:\ti\ccs900\ccs\tools\compiler\ti-cgt-msp430_18.12.1.LTS\lib\</path>
         <kind>archive</kind>
         <file>rts430x_lc_rd_eabi.lib</file>
         <name>wcslen.c.obj</name>
      </input_file>
      <input_file id="fl-5b">
         <path>C:\ti\ccs900\ccs\tools\compiler\ti-cgt-msp430_18.12.1.LTS\lib\</path>
         <kind>archive</kind>
         <file>rts430x_lc_rd_eabi.lib</file>
         <name>s_copysign.c.obj</name>
      </input_file>
      <input_file id="fl-5c">
         <path>C:\ti\ccs900\ccs\tools\compiler\ti-cgt-msp430_18.12.1.LTS\lib\</path>
         <kind>archive</kind>
         <file>rts430x_lc_rd_eabi.lib</file>
         <name>asr32.asm.obj</name>
      </input_file>
      <input_file id="fl-5d">
         <path>C:\ti\ccs900\ccs\tools\compiler\ti-cgt-msp430_18.12.1.LTS\lib\</path>
         <kind>archive</kind>
         <file>rts430x_lc_rd_eabi.lib</file>
         <name>div16u.asm.obj</name>
      </input_file>
      <input_file id="fl-5e">
         <path>C:\ti\ccs900\ccs\tools\compiler\ti-cgt-msp430_18.12.1.LTS\lib\</path>
         <kind>archive</kind>
         <file>rts430x_lc_rd_eabi.lib</file>
         <name>div32u.asm.obj</name>
      </input_file>
      <input_file id="fl-5f">
         <path>C:\ti\ccs900\ccs\tools\compiler\ti-cgt-msp430_18.12.1.LTS\lib\</path>
         <kind>archive</kind>
         <file>rts430x_lc_rd_eabi.lib</file>
         <name>lsl32.asm.obj</name>
      </input_file>
      <input_file id="fl-60">
         <path>C:\ti\ccs900\ccs\tools\compiler\ti-cgt-msp430_18.12.1.LTS\lib\</path>
         <kind>archive</kind>
         <file>rts430x_lc_rd_eabi.lib</file>
         <name>lsr32.asm.obj</name>
      </input_file>
      <input_file id="fl-61">
         <path>C:\ti\ccs900\ccs\tools\compiler\ti-cgt-msp430_18.12.1.LTS\lib\</path>
         <kind>archive</kind>
         <file>rts430x_lc_rd_eabi.lib</file>
         <name>mult32.asm.obj</name>
      </input_file>
      <input_file id="fl-62">
         <path>C:\ti\ccs900\ccs\tools\compiler\ti-cgt-msp430_18.12.1.LTS\lib\</path>
         <kind>archive</kind>
         <file>rts430x_lc_rd_eabi.lib</file>
         <name>exit_gvars.c.obj</name>
      </input_file>
      <input_file id="fl-63">
         <path>C:\ti\ccs900\ccs\tools\compiler\ti-cgt-msp430_18.12.1.LTS\lib\</path>
         <kind>archive</kind>
         <file>rts430x_lc_rd_eabi.lib</file>
         <name>lsr64.c.obj</name>
      </input_file>
      <input_file id="fl-64">
         <path>C:\ti\ccs900\ccs\tools\compiler\ti-cgt-msp430_18.12.1.LTS\lib\</path>
         <kind>archive</kind>
         <file>rts430x_lc_rd_eabi.lib</file>
         <name>div64u.c.obj</name>
      </input_file>
      <input_file id="fl-65">
         <path>C:\ti\ccs900\ccs\tools\compiler\ti-cgt-msp430_18.12.1.LTS\lib\</path>
         <kind>archive</kind>
         <file>rts430x_lc_rd_eabi.lib</file>
         <name>addd.c.obj</name>
      </input_file>
      <input_file id="fl-66">
         <path>C:\ti\ccs900\ccs\tools\compiler\ti-cgt-msp430_18.12.1.LTS\lib\</path>
         <kind>archive</kind>
         <file>rts430x_lc_rd_eabi.lib</file>
         <name>cmpd.c.obj</name>
      </input_file>
      <input_file id="fl-67">
         <path>C:\ti\ccs900\ccs\tools\compiler\ti-cgt-msp430_18.12.1.LTS\lib\</path>
         <kind>archive</kind>
         <file>rts430x_lc_rd_eabi.lib</file>
         <name>fixdi.c.obj</name>
      </input_file>
      <input_file id="fl-68">
         <path>C:\ti\ccs900\ccs\tools\compiler\ti-cgt-msp430_18.12.1.LTS\lib\</path>
         <kind>archive</kind>
         <file>rts430x_lc_rd_eabi.lib</file>
         <name>fixdli.c.obj</name>
      </input_file>
      <input_file id="fl-69">
         <path>C:\ti\ccs900\ccs\tools\compiler\ti-cgt-msp430_18.12.1.LTS\lib\</path>
         <kind>archive</kind>
         <file>rts430x_lc_rd_eabi.lib</file>
         <name>fltid.c.obj</name>
      </input_file>
      <input_file id="fl-6a">
         <path>C:\ti\ccs900\ccs\tools\compiler\ti-cgt-msp430_18.12.1.LTS\lib\</path>
         <kind>archive</kind>
         <file>rts430x_lc_rd_eabi.lib</file>
         <name>fltlid.c.obj</name>
      </input_file>
      <input_file id="fl-6b">
         <path>C:\ti\ccs900\ccs\tools\compiler\ti-cgt-msp430_18.12.1.LTS\lib\</path>
         <kind>archive</kind>
         <file>rts430x_lc_rd_eabi.lib</file>
         <name>frcaddd.c.obj</name>
      </input_file>
      <input_file id="fl-6c">
         <path>C:\ti\ccs900\ccs\tools\compiler\ti-cgt-msp430_18.12.1.LTS\lib\</path>
         <kind>archive</kind>
         <file>rts430x_lc_rd_eabi.lib</file>
         <name>mpyd.c.obj</name>
      </input_file>
      <input_file id="fl-6d">
         <path>C:\ti\ccs900\ccs\tools\compiler\ti-cgt-msp430_18.12.1.LTS\lib\</path>
         <kind>archive</kind>
         <file>rts430x_lc_rd_eabi.lib</file>
         <name>negd.c.obj</name>
      </input_file>
      <input_file id="fl-6e">
         <path>C:\ti\ccs900\ccs\tools\compiler\ti-cgt-msp430_18.12.1.LTS\lib\</path>
         <kind>archive</kind>
         <file>rts430x_lc_rd_eabi.lib</file>
         <name>renormd.c.obj</name>
      </input_file>
      <input_file id="fl-6f">
         <path>C:\ti\ccs900\ccs\tools\compiler\ti-cgt-msp430_18.12.1.LTS\lib\</path>
         <kind>archive</kind>
         <file>rts430x_lc_rd_eabi.lib</file>
         <name>subd.c.obj</name>
      </input_file>
      <input_file id="fl-70">
         <path>C:\ti\ccs900\ccs\tools\compiler\ti-cgt-msp430_18.12.1.LTS\lib\</path>
         <kind>archive</kind>
         <file>rts430x_lc_rd_eabi.lib</file>
         <name>atoi.c.obj</name>
      </input_file>
      <input_file id="fl-71">
         <path>C:\ti\ccs900\ccs\tools\compiler\ti-cgt-msp430_18.12.1.LTS\lib\</path>
         <kind>archive</kind>
         <file>rts430x_lc_rd_eabi.lib</file>
         <name>ctype.c.obj</name>
      </input_file>
      <input_file id="fl-72">
         <path>C:\ti\ccs900\ccs\tools\compiler\ti-cgt-msp430_18.12.1.LTS\lib\</path>
         <kind>archive</kind>
         <file>rts430x_lc_rd_eabi.lib</file>
         <name>ltoa.c.obj</name>
      </input_file>
      <input_file id="fl-73">
         <path>C:\ti\ccs900\ccs\tools\compiler\ti-cgt-msp430_18.12.1.LTS\lib\</path>
         <kind>archive</kind>
         <file>rts430x_lc_rd_eabi.lib</file>
         <name>memccpy.c.obj</name>
      </input_file>
      <input_file id="fl-74">
         <path>C:\ti\ccs900\ccs\tools\compiler\ti-cgt-msp430_18.12.1.LTS\lib\</path>
         <kind>archive</kind>
         <file>rts430x_lc_rd_eabi.lib</file>
         <name>memset.c.obj</name>
      </input_file>
      <input_file id="fl-75">
         <path>C:\ti\ccs900\ccs\tools\compiler\ti-cgt-msp430_18.12.1.LTS\lib\</path>
         <kind>archive</kind>
         <file>rts430x_lc_rd_eabi.lib</file>
         <name>strchr.c.obj</name>
      </input_file>
      <input_file id="fl-76">
         <path>C:\ti\ccs900\ccs\tools\compiler\ti-cgt-msp430_18.12.1.LTS\lib\</path>
         <kind>archive</kind>
         <file>rts430x_lc_rd_eabi.lib</file>
         <name>strlen.c.obj</name>
      </input_file>
      <input_file id="fl-77">
         <path>C:\ti\ccs900\ccs\tools\compiler\ti-cgt-msp430_18.12.1.LTS\lib\</path>
         <kind>archive</kind>
         <file>rts430x_lc_rd_eabi.lib</file>
         <name>toupper.c.obj</name>
      </input_file>
      <input_file id="fl-78">
         <path>C:\ti\ccs900\ccs\tools\compiler\ti-cgt-msp430_18.12.1.LTS\lib\</path>
         <kind>archive</kind>
         <file>rts430x_lc_rd_eabi.lib</file>
         <name>errno.c.obj</name>
      </input_file>
      <input_file id="fl-79">
         <path>C:\ti\ccs900\ccs\tools\compiler\ti-cgt-msp430_18.12.1.LTS\lib\</path>
         <kind>archive</kind>
         <file>rts430x_lc_rd_eabi.lib</file>
         <name>abs.c.obj</name>
      </input_file>
      <input_file id="fl-7a">
         <path>C:\ti\ccs900\ccs\tools\compiler\ti-cgt-msp430_18.12.1.LTS\lib\</path>
         <kind>archive</kind>
         <file>rts430x_lc_rd_eabi.lib</file>
         <name>div32s.asm.obj</name>
      </input_file>
      <input_file id="fl-7b">
         <path>C:\ti\ccs900\ccs\tools\compiler\ti-cgt-msp430_18.12.1.LTS\lib\</path>
         <kind>archive</kind>
         <file>rts430x_lc_rd_eabi.lib</file>
         <name>lsl64.c.obj</name>
      </input_file>
      <input_file id="fl-7c">
         <path>C:\ti\ccs900\ccs\tools\compiler\ti-cgt-msp430_18.12.1.LTS\lib\</path>
         <kind>archive</kind>
         <file>rts430x_lc_rd_eabi.lib</file>
         <name>frcmpyd.c.obj</name>
      </input_file>
   </input_file_list>
   <object_component_list>
      <object_component id="oc-4bc">
         <name>.common:pec15Table</name>
         <uninitialized>true</uninitialized>
         <run_address>0x2400</run_address>
         <size>0x200</size>
      </object_component>
      <object_component id="oc-45d">
         <name>.common:charCellx_V</name>
         <uninitialized>true</uninitialized>
         <run_address>0x2882</run_address>
         <size>0xc</size>
      </object_component>
      <object_component id="oc-46a">
         <name>.common:overVstr</name>
         <uninitialized>true</uninitialized>
         <run_address>0x2864</run_address>
         <size>0x1e</size>
      </object_component>
      <object_component id="oc-446">
         <name>.common:CELL_V</name>
         <uninitialized>true</uninitialized>
         <run_address>0x2600</run_address>
         <size>0x180</size>
      </object_component>
      <object_component id="oc-44f">
         <name>.common:OVER_V</name>
         <uninitialized>true</uninitialized>
         <run_address>0x2780</run_address>
         <size>0xe4</size>
      </object_component>
      <object_component id="oc-4b9">
         <name>.data</name>
         <load_address>0x288e</load_address>
         <run_address>0x288e</run_address>
         <size>0x2</size>
         <input_file_ref idref="fl-3"/>
      </object_component>
      <object_component id="oc-621">
         <name>.data</name>
         <load_address>0x2890</load_address>
         <run_address>0x2890</run_address>
         <size>0x2</size>
         <input_file_ref idref="fl-78"/>
      </object_component>
      <object_component id="oc-37d">
         <name>.stack</name>
         <uninitialized>true</uninitialized>
         <run_address>0x4360</run_address>
         <size>0x4</size>
         <input_file_ref idref="fl-46"/>
      </object_component>
      <object_component id="oc-82f">
         <name>.stack</name>
         <uninitialized>true</uninitialized>
         <run_address>0x4360</run_address>
         <size>0x0</size>
      </object_component>
      <object_component id="oc-573">
         <name>.text:__TI_frcdivd</name>
         <load_address>0x10000</load_address>
         <run_address>0x10000</run_address>
         <size>0x466</size>
         <input_file_ref idref="fl-52"/>
      </object_component>
      <object_component id="oc-69e">
         <name>.text:__mspabi_divull</name>
         <load_address>0x10466</load_address>
         <run_address>0x10466</run_address>
         <size>0x34e</size>
         <input_file_ref idref="fl-64"/>
      </object_component>
      <object_component id="oc-76d">
         <name>.text:__mspabi_addd</name>
         <load_address>0x107b4</load_address>
         <run_address>0x107b4</run_address>
         <size>0x2e0</size>
         <input_file_ref idref="fl-65"/>
      </object_component>
      <object_component id="oc-511">
         <name>.text:__TI_printfi</name>
         <load_address>0x10a94</load_address>
         <run_address>0x10a94</run_address>
         <size>0x2a6</size>
         <input_file_ref idref="fl-57"/>
      </object_component>
      <object_component id="oc-73d">
         <name>.text:__TI_frcmpyd</name>
         <load_address>0x10d3a</load_address>
         <run_address>0x10d3a</run_address>
         <size>0x280</size>
         <input_file_ref idref="fl-7c"/>
      </object_component>
      <object_component id="oc-591">
         <name>.text:_setfield</name>
         <load_address>0x10fba</load_address>
         <run_address>0x10fba</run_address>
         <size>0x27a</size>
         <input_file_ref idref="fl-57"/>
      </object_component>
      <object_component id="oc-60d">
         <name>.text:_pproc_fgea</name>
         <load_address>0x11234</load_address>
         <run_address>0x11234</run_address>
         <size>0x268</size>
         <input_file_ref idref="fl-57"/>
      </object_component>
      <object_component id="oc-6dd">
         <name>.text:__mspabi_mpyd</name>
         <load_address>0x1149c</load_address>
         <run_address>0x1149c</run_address>
         <size>0x266</size>
         <input_file_ref idref="fl-6c"/>
      </object_component>
      <object_component id="oc-791">
         <name>.text:__TI_frcaddd</name>
         <load_address>0x11702</load_address>
         <run_address>0x11702</run_address>
         <size>0x248</size>
         <input_file_ref idref="fl-6b"/>
      </object_component>
      <object_component id="oc-6ea">
         <name>.text:acvt</name>
         <load_address>0x1194a</load_address>
         <run_address>0x1194a</run_address>
         <size>0x224</size>
         <input_file_ref idref="fl-57"/>
      </object_component>
      <object_component id="oc-449">
         <name>.text:ReadCellVoltages</name>
         <load_address>0x11b6e</load_address>
         <run_address>0x11b6e</run_address>
         <size>0x222</size>
         <input_file_ref idref="fl-2"/>
      </object_component>
      <object_component id="oc-4f4">
         <name>.text:__mspabi_divd</name>
         <load_address>0x11d90</load_address>
         <run_address>0x11d90</run_address>
         <size>0x222</size>
         <input_file_ref idref="fl-4f"/>
      </object_component>
      <object_component id="oc-64e">
         <name>.text:_getarg_diouxp</name>
         <load_address>0x11fb2</load_address>
         <run_address>0x11fb2</run_address>
         <size>0x20c</size>
         <input_file_ref idref="fl-57"/>
      </object_component>
      <object_component id="oc-6bd">
         <name>.text:ecvt</name>
         <load_address>0x121be</load_address>
         <run_address>0x121be</run_address>
         <size>0x1e6</size>
         <input_file_ref idref="fl-57"/>
      </object_component>
      <object_component id="oc-450">
         <name>.text:CheckDiff</name>
         <load_address>0x123a4</load_address>
         <run_address>0x123a4</run_address>
         <size>0x1dc</size>
         <input_file_ref idref="fl-2"/>
      </object_component>
      <object_component id="oc-6d0">
         <name>.text:fcvt</name>
         <load_address>0x12580</load_address>
         <run_address>0x12580</run_address>
         <size>0x1c8</size>
         <input_file_ref idref="fl-57"/>
      </object_component>
      <object_component id="oc-678">
         <name>.text:_pconv_e</name>
         <load_address>0x12748</load_address>
         <run_address>0x12748</run_address>
         <size>0x1a2</size>
         <input_file_ref idref="fl-57"/>
      </object_component>
      <object_component id="oc-67e">
         <name>.text:_pconv_a</name>
         <load_address>0x128ea</load_address>
         <run_address>0x128ea</run_address>
         <size>0x170</size>
         <input_file_ref idref="fl-57"/>
      </object_component>
      <object_component id="oc-74c">
         <name>.text:scalbn</name>
         <load_address>0x12a5a</load_address>
         <run_address>0x12a5a</run_address>
         <size>0x15a</size>
         <input_file_ref idref="fl-59"/>
      </object_component>
      <object_component id="oc-607">
         <name>.text:_pproc_diouxp</name>
         <load_address>0x12bb4</load_address>
         <run_address>0x12bb4</run_address>
         <size>0x148</size>
         <input_file_ref idref="fl-57"/>
      </object_component>
      <object_component id="oc-654">
         <name>.text:_ltostr</name>
         <load_address>0x12cfc</load_address>
         <run_address>0x12cfc</run_address>
         <size>0x128</size>
         <input_file_ref idref="fl-57"/>
      </object_component>
      <object_component id="oc-3fa">
         <name>.text:main</name>
         <load_address>0x12e24</load_address>
         <run_address>0x12e24</run_address>
         <size>0x10a</size>
         <input_file_ref idref="fl-6"/>
      </object_component>
      <object_component id="oc-66c">
         <name>.text:_pconv_g</name>
         <load_address>0x12f2e</load_address>
         <run_address>0x12f2e</run_address>
         <size>0xfc</size>
         <input_file_ref idref="fl-57"/>
      </object_component>
      <object_component id="oc-58b">
         <name>.text:_pproc_fwp</name>
         <load_address>0x1302a</load_address>
         <run_address>0x1302a</run_address>
         <size>0xea</size>
         <input_file_ref idref="fl-57"/>
      </object_component>
      <object_component id="oc-4e8">
         <name>.text:ReadLTC6811Data</name>
         <load_address>0x13114</load_address>
         <run_address>0x13114</run_address>
         <size>0xe0</size>
         <input_file_ref idref="fl-2"/>
      </object_component>
      <object_component id="oc-684">
         <name>.text:__mspabi_cmpd</name>
         <load_address>0x131f4</load_address>
         <run_address>0x131f4</run_address>
         <size>0xd8</size>
         <input_file_ref idref="fl-66"/>
      </object_component>
      <object_component id="oc-59d">
         <name>.text:_pproc_wstr</name>
         <load_address>0x132cc</load_address>
         <run_address>0x132cc</run_address>
         <size>0xc8</size>
         <input_file_ref idref="fl-57"/>
      </object_component>
      <object_component id="oc-7aa">
         <name>.text:__TI_renormd</name>
         <load_address>0x13394</load_address>
         <run_address>0x13394</run_address>
         <size>0xb2</size>
         <input_file_ref idref="fl-6e"/>
      </object_component>
      <object_component id="oc-597">
         <name>.text:_pproc_str</name>
         <load_address>0x13446</load_address>
         <run_address>0x13446</run_address>
         <size>0xa6</size>
         <input_file_ref idref="fl-57"/>
      </object_component>
      <object_component id="oc-6e4">
         <name>.text:frexp</name>
         <load_address>0x134ec</load_address>
         <run_address>0x134ec</run_address>
         <size>0xa6</size>
         <input_file_ref idref="fl-58"/>
      </object_component>
      <object_component id="oc-720">
         <name>.text:__mspabi_fltlid</name>
         <load_address>0x13592</load_address>
         <run_address>0x13592</run_address>
         <size>0x9e</size>
         <input_file_ref idref="fl-6a"/>
      </object_component>
      <object_component id="oc-6c3">
         <name>.text:_ecpy</name>
         <load_address>0x13630</load_address>
         <run_address>0x13630</run_address>
         <size>0x90</size>
         <input_file_ref idref="fl-57"/>
      </object_component>
      <object_component id="oc-6c9">
         <name>.text:_mcpy</name>
         <load_address>0x136c0</load_address>
         <run_address>0x136c0</run_address>
         <size>0x90</size>
         <input_file_ref idref="fl-57"/>
      </object_component>
      <object_component id="oc-56c">
         <name>.text:__mspabi_fltuld</name>
         <load_address>0x13750</load_address>
         <run_address>0x13750</run_address>
         <size>0x80</size>
         <input_file_ref idref="fl-51"/>
      </object_component>
      <object_component id="oc-71a">
         <name>.text:ltoa</name>
         <load_address>0x137d0</load_address>
         <run_address>0x137d0</run_address>
         <size>0x80</size>
         <input_file_ref idref="fl-72"/>
      </object_component>
      <object_component id="oc-672">
         <name>.text:_pconv_f</name>
         <load_address>0x13850</load_address>
         <run_address>0x13850</run_address>
         <size>0x78</size>
         <input_file_ref idref="fl-57"/>
      </object_component>
      <object_component id="oc-6d">
         <name>.text:decompress:lzss:__TI_decompress_lzss</name>
         <load_address>0x138c8</load_address>
         <run_address>0x138c8</run_address>
         <size>0x76</size>
         <input_file_ref idref="fl-4e"/>
      </object_component>
      <object_component id="oc-714">
         <name>.text:__mspabi_fixdli</name>
         <load_address>0x1393e</load_address>
         <run_address>0x1393e</run_address>
         <size>0x66</size>
         <input_file_ref idref="fl-68"/>
      </object_component>
      <object_component id="oc-456">
         <name>.text:BalanceCells</name>
         <load_address>0x139a4</load_address>
         <run_address>0x139a4</run_address>
         <size>0x64</size>
         <input_file_ref idref="fl-2"/>
      </object_component>
      <object_component id="oc-5f9">
         <name>.text:atoi</name>
         <load_address>0x13a08</load_address>
         <run_address>0x13a08</run_address>
         <size>0x62</size>
         <input_file_ref idref="fl-70"/>
      </object_component>
      <object_component id="oc-4c0">
         <name>.text:SendLTC6811Cmd</name>
         <load_address>0x13a6a</load_address>
         <run_address>0x13a6a</run_address>
         <size>0x5a</size>
         <input_file_ref idref="fl-2"/>
      </object_component>
      <object_component id="oc-6a4">
         <name>.text</name>
         <load_address>0x13ac4</load_address>
         <run_address>0x13ac4</run_address>
         <size>0x58</size>
         <input_file_ref idref="fl-5e"/>
      </object_component>
      <object_component id="oc-4c9">
         <name>.text:WriteLTC6811Data</name>
         <load_address>0x13b1c</load_address>
         <run_address>0x13b1c</run_address>
         <size>0x56</size>
         <input_file_ref idref="fl-2"/>
      </object_component>
      <object_component id="oc-49a">
         <name>.text:__TI_auto_init_nobinit_nopinit_hold_wdt:__TI_auto_init_nobinit_nopinit_hold_wdt</name>
         <load_address>0x13b72</load_address>
         <run_address>0x13b72</run_address>
         <size>0x54</size>
         <input_file_ref idref="fl-47"/>
      </object_component>
      <object_component id="oc-6d6">
         <name>.text:_fcpy</name>
         <load_address>0x13bc6</load_address>
         <run_address>0x13bc6</run_address>
         <size>0x4e</size>
         <input_file_ref idref="fl-57"/>
      </object_component>
      <object_component id="oc-422">
         <name>.text:initClockTo16MHz</name>
         <load_address>0x13c14</load_address>
         <run_address>0x13c14</run_address>
         <size>0x4c</size>
         <input_file_ref idref="fl-4"/>
      </object_component>
      <object_component id="oc-45e">
         <name>.text:sprintf</name>
         <load_address>0x13c60</load_address>
         <run_address>0x13c60</run_address>
         <size>0x44</size>
         <input_file_ref idref="fl-27"/>
      </object_component>
      <object_component id="oc-764">
         <name>.text</name>
         <load_address>0x13ca4</load_address>
         <run_address>0x13ca4</run_address>
         <size>0x40</size>
         <input_file_ref idref="fl-7a"/>
      </object_component>
      <object_component id="oc-5ee">
         <name>.text:l_asr_const</name>
         <load_address>0x13ce4</load_address>
         <run_address>0x13ce4</run_address>
         <size>0x3e</size>
         <input_file_ref idref="fl-5c"/>
      </object_component>
      <object_component id="oc-5dd">
         <name>.text:l_lsl_const</name>
         <load_address>0x13d22</load_address>
         <run_address>0x13d22</run_address>
         <size>0x3e</size>
         <input_file_ref idref="fl-5f"/>
      </object_component>
      <object_component id="oc-5e2">
         <name>.text:l_lsr_const</name>
         <load_address>0x13d60</load_address>
         <run_address>0x13d60</run_address>
         <size>0x3e</size>
         <input_file_ref idref="fl-60"/>
      </object_component>
      <object_component id="oc-428">
         <name>.text:initGPIO</name>
         <load_address>0x13d9e</load_address>
         <run_address>0x13d9e</run_address>
         <size>0x3c</size>
         <input_file_ref idref="fl-4"/>
      </object_component>
      <object_component id="oc-43a">
         <name>.text:init_PEC15_Table</name>
         <load_address>0x13dda</load_address>
         <run_address>0x13dda</run_address>
         <size>0x3c</size>
         <input_file_ref idref="fl-3"/>
      </object_component>
      <object_component id="oc-6fd">
         <name>.text:__mspabi_sllll</name>
         <load_address>0x13e16</load_address>
         <run_address>0x13e16</run_address>
         <size>0x3a</size>
         <input_file_ref idref="fl-7b"/>
      </object_component>
      <object_component id="oc-6ae">
         <name>.text:__mspabi_srlll</name>
         <load_address>0x13e50</load_address>
         <run_address>0x13e50</run_address>
         <size>0x3a</size>
         <input_file_ref idref="fl-63"/>
      </object_component>
      <object_component id="oc-55d">
         <name>.text:pec15</name>
         <load_address>0x13e8a</load_address>
         <run_address>0x13e8a</run_address>
         <size>0x3a</size>
         <input_file_ref idref="fl-3"/>
      </object_component>
      <object_component id="oc-434">
         <name>.text:UARTinit</name>
         <load_address>0x13ec4</load_address>
         <run_address>0x13ec4</run_address>
         <size>0x34</size>
         <input_file_ref idref="fl-5"/>
      </object_component>
      <object_component id="oc-440">
         <name>.text:LTC6811ADCV</name>
         <load_address>0x13ef8</load_address>
         <run_address>0x13ef8</run_address>
         <size>0x32</size>
         <input_file_ref idref="fl-2"/>
      </object_component>
      <object_component id="oc-726">
         <name>.text:__mspabi_subd</name>
         <load_address>0x13f2a</load_address>
         <run_address>0x13f2a</run_address>
         <size>0x32</size>
         <input_file_ref idref="fl-6f"/>
      </object_component>
      <object_component id="oc-42e">
         <name>.text:initSPI</name>
         <load_address>0x13f5c</load_address>
         <run_address>0x13f5c</run_address>
         <size>0x30</size>
         <input_file_ref idref="fl-4"/>
      </object_component>
      <object_component id="oc-666">
         <name>.text:__mspabi_negd</name>
         <load_address>0x13f8c</load_address>
         <run_address>0x13f8c</run_address>
         <size>0x2e</size>
         <input_file_ref idref="fl-6d"/>
      </object_component>
      <object_component id="oc-781">
         <name>.text:copysign</name>
         <load_address>0x13fba</load_address>
         <run_address>0x13fba</run_address>
         <size>0x2e</size>
         <input_file_ref idref="fl-5b"/>
      </object_component>
      <object_component id="oc-72c">
         <name>.text:__mspabi_fixdi</name>
         <load_address>0x13fe8</load_address>
         <run_address>0x13fe8</run_address>
         <size>0x28</size>
         <input_file_ref idref="fl-67"/>
      </object_component>
      <object_component id="oc-3a4">
         <name>.text:decompress:ZI:__TI_zero_init</name>
         <load_address>0x14010</load_address>
         <run_address>0x14010</run_address>
         <size>0x24</size>
         <input_file_ref idref="fl-48"/>
      </object_component>
      <object_component id="oc-5e9">
         <name>.text</name>
         <load_address>0x14034</load_address>
         <run_address>0x14034</run_address>
         <size>0x24</size>
         <input_file_ref idref="fl-43"/>
      </object_component>
      <object_component id="oc-505">
         <name>.text:_outs</name>
         <load_address>0x14058</load_address>
         <run_address>0x14058</run_address>
         <size>0x20</size>
         <input_file_ref idref="fl-27"/>
      </object_component>
      <object_component id="oc-613">
         <name>.text:memccpy</name>
         <load_address>0x14078</load_address>
         <run_address>0x14078</run_address>
         <size>0x1e</size>
         <input_file_ref idref="fl-73"/>
      </object_component>
      <object_component id="oc-752">
         <name>.text:strchr</name>
         <load_address>0x14096</load_address>
         <run_address>0x14096</run_address>
         <size>0x1c</size>
         <input_file_ref idref="fl-75"/>
      </object_component>
      <object_component id="oc-4e3">
         <name>.text</name>
         <load_address>0x140b2</load_address>
         <run_address>0x140b2</run_address>
         <size>0x18</size>
         <input_file_ref idref="fl-41"/>
      </object_component>
      <object_component id="oc-464">
         <name>.text:UARTprintstring</name>
         <load_address>0x140ca</load_address>
         <run_address>0x140ca</run_address>
         <size>0x16</size>
         <input_file_ref idref="fl-5"/>
      </object_component>
      <object_component id="oc-600">
         <name>.text:memset</name>
         <load_address>0x140e0</load_address>
         <run_address>0x140e0</run_address>
         <size>0x16</size>
         <input_file_ref idref="fl-74"/>
      </object_component>
      <object_component id="oc-6a9">
         <name>.text</name>
         <load_address>0x140f6</load_address>
         <run_address>0x140f6</run_address>
         <size>0x16</size>
         <input_file_ref idref="fl-5d"/>
      </object_component>
      <object_component id="oc-61b">
         <name>.text:wcslen</name>
         <load_address>0x1410c</load_address>
         <run_address>0x1410c</run_address>
         <size>0x16</size>
         <input_file_ref idref="fl-5a"/>
      </object_component>
      <object_component id="oc-50b">
         <name>.text:_outc</name>
         <load_address>0x14122</load_address>
         <run_address>0x14122</run_address>
         <size>0x14</size>
         <input_file_ref idref="fl-27"/>
      </object_component>
      <object_component id="oc-38c">
         <name>.text:memcpy</name>
         <load_address>0x14136</load_address>
         <run_address>0x14136</run_address>
         <size>0x14</size>
         <input_file_ref idref="fl-56"/>
      </object_component>
      <object_component id="oc-73">
         <name>.text:decompress:none:__TI_decompress_none</name>
         <load_address>0x1414a</load_address>
         <run_address>0x1414a</run_address>
         <size>0x12</size>
         <input_file_ref idref="fl-4d"/>
      </object_component>
      <object_component id="oc-660">
         <name>.text:toupper</name>
         <load_address>0x1415c</load_address>
         <run_address>0x1415c</run_address>
         <size>0x12</size>
         <input_file_ref idref="fl-77"/>
      </object_component>
      <object_component id="oc-4dd">
         <name>.text:SendUCA0byte</name>
         <load_address>0x1416e</load_address>
         <run_address>0x1416e</run_address>
         <size>0x10</size>
         <input_file_ref idref="fl-4"/>
      </object_component>
      <object_component id="oc-7a5">
         <name>.text:l_asr</name>
         <load_address>0x1417e</load_address>
         <run_address>0x1417e</run_address>
         <size>0x10</size>
         <input_file_ref idref="fl-5c"/>
      </object_component>
      <object_component id="oc-7a0">
         <name>.text:l_lsl</name>
         <load_address>0x1418e</load_address>
         <run_address>0x1418e</run_address>
         <size>0x10</size>
         <input_file_ref idref="fl-5f"/>
      </object_component>
      <object_component id="oc-703">
         <name>.text:l_lsr</name>
         <load_address>0x1419e</load_address>
         <run_address>0x1419e</run_address>
         <size>0x10</size>
         <input_file_ref idref="fl-60"/>
      </object_component>
      <object_component id="oc-585">
         <name>.text:strlen</name>
         <load_address>0x141ae</load_address>
         <run_address>0x141ae</run_address>
         <size>0xe</size>
         <input_file_ref idref="fl-76"/>
      </object_component>
      <object_component id="oc-519">
         <name>.text:UARTprintchar</name>
         <load_address>0x141bc</load_address>
         <run_address>0x141bc</run_address>
         <size>0xc</size>
         <input_file_ref idref="fl-5"/>
      </object_component>
      <object_component id="oc-758">
         <name>.text:__mspabi_fltid</name>
         <load_address>0x141c8</load_address>
         <run_address>0x141c8</run_address>
         <size>0xc</size>
         <input_file_ref idref="fl-69"/>
      </object_component>
      <object_component id="oc-733">
         <name>.text:abs</name>
         <load_address>0x141d4</load_address>
         <run_address>0x141d4</run_address>
         <size>0xa</size>
         <input_file_ref idref="fl-79"/>
      </object_component>
      <object_component id="oc-4fb">
         <name>.text</name>
         <load_address>0x141de</load_address>
         <run_address>0x141de</run_address>
         <size>0xa</size>
         <input_file_ref idref="fl-3f"/>
      </object_component>
      <object_component id="oc-4ee">
         <name>.text:__mspabi_fltud</name>
         <load_address>0x141e8</load_address>
         <run_address>0x141e8</run_address>
         <size>0x6</size>
         <input_file_ref idref="fl-50"/>
      </object_component>
      <object_component id="oc-476">
         <name>.text:abort</name>
         <load_address>0x141ee</load_address>
         <run_address>0x141ee</run_address>
         <size>0x6</size>
         <input_file_ref idref="fl-53"/>
      </object_component>
      <object_component id="oc-3f4">
         <name>.text:_system_pre_init</name>
         <load_address>0x141f4</load_address>
         <run_address>0x141f4</run_address>
         <size>0x4</size>
         <input_file_ref idref="fl-4b"/>
      </object_component>
      <object_component id="oc-538">
         <name>.text:_system_post_cinit</name>
         <load_address>0x141f8</load_address>
         <run_address>0x141f8</run_address>
         <size>0x2</size>
         <input_file_ref idref="fl-4c"/>
      </object_component>
      <object_component id="oc-3b0">
         <name>.text:_isr:_c_int00_noargs</name>
         <load_address>0x4400</load_address>
         <run_address>0x4400</run_address>
         <size>0x1c</size>
         <input_file_ref idref="fl-46"/>
      </object_component>
      <object_component id="oc-399">
         <name>.text:_isr:__TI_ISR_TRAP</name>
         <load_address>0x441c</load_address>
         <run_address>0x441c</run_address>
         <size>0x8</size>
         <input_file_ref idref="fl-3e"/>
      </object_component>
      <object_component id="oc-82b">
         <name>__TI_handler_table</name>
         <load_address>0x458e</load_address>
         <run_address>0x458e</run_address>
         <size>0xc</size>
      </object_component>
      <object_component id="oc-82e">
         <name>.cinit..data.load</name>
         <load_address>0x459a</load_address>
         <run_address>0x459a</run_address>
         <size>0x8</size>
      </object_component>
      <object_component id="oc-82d">
         <name>.cinit..bss.load</name>
         <load_address>0x45a2</load_address>
         <run_address>0x45a2</run_address>
         <size>0x6</size>
      </object_component>
      <object_component id="oc-82c">
         <name>__TI_cinit_table</name>
         <load_address>0x45a8</load_address>
         <run_address>0x45a8</run_address>
         <size>0x10</size>
      </object_component>
      <object_component id="oc-647">
         <name>.const:.string:_ctypes_</name>
         <load_address>0x4424</load_address>
         <run_address>0x4424</run_address>
         <size>0x101</size>
         <input_file_ref idref="fl-71"/>
      </object_component>
      <object_component id="oc-45c">
         <name>.const:.string</name>
         <load_address>0x4526</load_address>
         <run_address>0x4526</run_address>
         <size>0x36</size>
         <input_file_ref idref="fl-6"/>
      </object_component>
      <object_component id="oc-606">
         <name>.const:.string</name>
         <load_address>0x455c</load_address>
         <run_address>0x455c</run_address>
         <size>0x26</size>
         <input_file_ref idref="fl-57"/>
      </object_component>
      <object_component id="oc-4c6">
         <name>.const:.string:$P$T0$1</name>
         <load_address>0x4582</load_address>
         <run_address>0x4582</run_address>
         <size>0x6</size>
         <input_file_ref idref="fl-2"/>
      </object_component>
      <object_component id="oc-501">
         <name>.const:.string:$P$T1$2</name>
         <load_address>0x4588</load_address>
         <run_address>0x4588</run_address>
         <size>0x6</size>
         <input_file_ref idref="fl-2"/>
      </object_component>
      <object_component id="oc-7bd">
         <name>.binit</name>
         <load_address>0x4400</load_address>
         <run_address>0x4400</run_address>
         <size>0x0</size>
      </object_component>
      <object_component id="oc-79">
         <name>.int41</name>
         <load_address>0xffd2</load_address>
         <run_address>0xffd2</run_address>
         <size>0x2</size>
         <input_file_ref idref="fl-28"/>
      </object_component>
      <object_component id="oc-7a">
         <name>.int42</name>
         <load_address>0xffd4</load_address>
         <run_address>0xffd4</run_address>
         <size>0x2</size>
         <input_file_ref idref="fl-29"/>
      </object_component>
      <object_component id="oc-7b">
         <name>.int43</name>
         <load_address>0xffd6</load_address>
         <run_address>0xffd6</run_address>
         <size>0x2</size>
         <input_file_ref idref="fl-2a"/>
      </object_component>
      <object_component id="oc-7c">
         <name>.int44</name>
         <load_address>0xffd8</load_address>
         <run_address>0xffd8</run_address>
         <size>0x2</size>
         <input_file_ref idref="fl-2b"/>
      </object_component>
      <object_component id="oc-7d">
         <name>.int45</name>
         <load_address>0xffda</load_address>
         <run_address>0xffda</run_address>
         <size>0x2</size>
         <input_file_ref idref="fl-2c"/>
      </object_component>
      <object_component id="oc-7e">
         <name>.int46</name>
         <load_address>0xffdc</load_address>
         <run_address>0xffdc</run_address>
         <size>0x2</size>
         <input_file_ref idref="fl-2d"/>
      </object_component>
      <object_component id="oc-7f">
         <name>.int47</name>
         <load_address>0xffde</load_address>
         <run_address>0xffde</run_address>
         <size>0x2</size>
         <input_file_ref idref="fl-2e"/>
      </object_component>
      <object_component id="oc-80">
         <name>.int48</name>
         <load_address>0xffe0</load_address>
         <run_address>0xffe0</run_address>
         <size>0x2</size>
         <input_file_ref idref="fl-2f"/>
      </object_component>
      <object_component id="oc-81">
         <name>.int49</name>
         <load_address>0xffe2</load_address>
         <run_address>0xffe2</run_address>
         <size>0x2</size>
         <input_file_ref idref="fl-30"/>
      </object_component>
      <object_component id="oc-82">
         <name>.int50</name>
         <load_address>0xffe4</load_address>
         <run_address>0xffe4</run_address>
         <size>0x2</size>
         <input_file_ref idref="fl-31"/>
      </object_component>
      <object_component id="oc-83">
         <name>.int51</name>
         <load_address>0xffe6</load_address>
         <run_address>0xffe6</run_address>
         <size>0x2</size>
         <input_file_ref idref="fl-32"/>
      </object_component>
      <object_component id="oc-84">
         <name>.int52</name>
         <load_address>0xffe8</load_address>
         <run_address>0xffe8</run_address>
         <size>0x2</size>
         <input_file_ref idref="fl-33"/>
      </object_component>
      <object_component id="oc-85">
         <name>.int53</name>
         <load_address>0xffea</load_address>
         <run_address>0xffea</run_address>
         <size>0x2</size>
         <input_file_ref idref="fl-34"/>
      </object_component>
      <object_component id="oc-86">
         <name>.int54</name>
         <load_address>0xffec</load_address>
         <run_address>0xffec</run_address>
         <size>0x2</size>
         <input_file_ref idref="fl-35"/>
      </object_component>
      <object_component id="oc-87">
         <name>.int55</name>
         <load_address>0xffee</load_address>
         <run_address>0xffee</run_address>
         <size>0x2</size>
         <input_file_ref idref="fl-36"/>
      </object_component>
      <object_component id="oc-88">
         <name>.int56</name>
         <load_address>0xfff0</load_address>
         <run_address>0xfff0</run_address>
         <size>0x2</size>
         <input_file_ref idref="fl-37"/>
      </object_component>
      <object_component id="oc-89">
         <name>.int57</name>
         <load_address>0xfff2</load_address>
         <run_address>0xfff2</run_address>
         <size>0x2</size>
         <input_file_ref idref="fl-38"/>
      </object_component>
      <object_component id="oc-8a">
         <name>.int58</name>
         <load_address>0xfff4</load_address>
         <run_address>0xfff4</run_address>
         <size>0x2</size>
         <input_file_ref idref="fl-39"/>
      </object_component>
      <object_component id="oc-8b">
         <name>.int59</name>
         <load_address>0xfff6</load_address>
         <run_address>0xfff6</run_address>
         <size>0x2</size>
         <input_file_ref idref="fl-3a"/>
      </object_component>
      <object_component id="oc-8c">
         <name>.int60</name>
         <load_address>0xfff8</load_address>
         <run_address>0xfff8</run_address>
         <size>0x2</size>
         <input_file_ref idref="fl-3b"/>
      </object_component>
      <object_component id="oc-8d">
         <name>.int61</name>
         <load_address>0xfffa</load_address>
         <run_address>0xfffa</run_address>
         <size>0x2</size>
         <input_file_ref idref="fl-3c"/>
      </object_component>
      <object_component id="oc-8e">
         <name>.int62</name>
         <load_address>0xfffc</load_address>
         <run_address>0xfffc</run_address>
         <size>0x2</size>
         <input_file_ref idref="fl-3d"/>
      </object_component>
      <object_component id="oc-380">
         <name>.reset</name>
         <load_address>0xfffe</load_address>
         <run_address>0xfffe</run_address>
         <size>0x2</size>
         <input_file_ref idref="fl-46"/>
      </object_component>
      <object_component id="oc-4d0">
         <name>.debug_info</name>
         <load_address>0x0</load_address>
         <run_address>0x0</run_address>
         <size>0x2d3</size>
         <input_file_ref idref="fl-2"/>
      </object_component>
      <object_component id="oc-4c7">
         <name>.debug_info</name>
         <load_address>0x2d3</load_address>
         <run_address>0x2d3</run_address>
         <size>0x122</size>
         <input_file_ref idref="fl-2"/>
      </object_component>
      <object_component id="oc-502">
         <name>.debug_info</name>
         <load_address>0x3f5</load_address>
         <run_address>0x3f5</run_address>
         <size>0x122</size>
         <input_file_ref idref="fl-2"/>
      </object_component>
      <object_component id="oc-4cb">
         <name>.debug_info</name>
         <load_address>0x517</load_address>
         <run_address>0x517</run_address>
         <size>0x25e</size>
         <input_file_ref idref="fl-2"/>
      </object_component>
      <object_component id="oc-4c1">
         <name>.debug_info</name>
         <load_address>0x775</load_address>
         <run_address>0x775</run_address>
         <size>0x26d</size>
         <input_file_ref idref="fl-2"/>
      </object_component>
      <object_component id="oc-4ea">
         <name>.debug_info</name>
         <load_address>0x9e2</load_address>
         <run_address>0x9e2</run_address>
         <size>0x204</size>
         <input_file_ref idref="fl-2"/>
      </object_component>
      <object_component id="oc-44b">
         <name>.debug_info</name>
         <load_address>0xbe6</load_address>
         <run_address>0xbe6</run_address>
         <size>0x3a6</size>
         <input_file_ref idref="fl-2"/>
      </object_component>
      <object_component id="oc-442">
         <name>.debug_info</name>
         <load_address>0xf8c</load_address>
         <run_address>0xf8c</run_address>
         <size>0x1c2</size>
         <input_file_ref idref="fl-2"/>
      </object_component>
      <object_component id="oc-452">
         <name>.debug_info</name>
         <load_address>0x114e</load_address>
         <run_address>0x114e</run_address>
         <size>0x2dc</size>
         <input_file_ref idref="fl-2"/>
      </object_component>
      <object_component id="oc-458">
         <name>.debug_info</name>
         <load_address>0x142a</load_address>
         <run_address>0x142a</run_address>
         <size>0x1ef</size>
         <input_file_ref idref="fl-2"/>
      </object_component>
      <object_component id="oc-4d8">
         <name>.debug_info</name>
         <load_address>0x1619</load_address>
         <run_address>0x1619</run_address>
         <size>0x26b</size>
         <input_file_ref idref="fl-2"/>
      </object_component>
      <object_component id="oc-4d3">
         <name>.debug_info</name>
         <load_address>0x1884</load_address>
         <run_address>0x1884</run_address>
         <size>0x164</size>
         <input_file_ref idref="fl-2"/>
      </object_component>
      <object_component id="oc-46c">
         <name>.debug_info</name>
         <load_address>0x19e8</load_address>
         <run_address>0x19e8</run_address>
         <size>0x8b</size>
         <input_file_ref idref="fl-2"/>
      </object_component>
      <object_component id="oc-521">
         <name>.debug_info</name>
         <load_address>0x1a73</load_address>
         <run_address>0x1a73</run_address>
         <size>0x275</size>
         <input_file_ref idref="fl-2"/>
      </object_component>
      <object_component id="oc-471">
         <name>.debug_info</name>
         <load_address>0x1ce8</load_address>
         <run_address>0x1ce8</run_address>
         <size>0xbb</size>
         <input_file_ref idref="fl-2"/>
      </object_component>
      <object_component id="oc-4bd">
         <name>.debug_info</name>
         <load_address>0x1da3</load_address>
         <run_address>0x1da3</run_address>
         <size>0x1c4</size>
         <input_file_ref idref="fl-3"/>
      </object_component>
      <object_component id="oc-4ba">
         <name>.debug_info</name>
         <load_address>0x1f67</load_address>
         <run_address>0x1f67</run_address>
         <size>0x125</size>
         <input_file_ref idref="fl-3"/>
      </object_component>
      <object_component id="oc-55f">
         <name>.debug_info</name>
         <load_address>0x208c</load_address>
         <run_address>0x208c</run_address>
         <size>0x1c4</size>
         <input_file_ref idref="fl-3"/>
      </object_component>
      <object_component id="oc-43c">
         <name>.debug_info</name>
         <load_address>0x2250</load_address>
         <run_address>0x2250</run_address>
         <size>0x18e</size>
         <input_file_ref idref="fl-3"/>
      </object_component>
      <object_component id="oc-387">
         <name>.debug_info</name>
         <load_address>0x23de</load_address>
         <run_address>0x23de</run_address>
         <size>0x84</size>
         <input_file_ref idref="fl-3"/>
      </object_component>
      <object_component id="oc-5a5">
         <name>.debug_info</name>
         <load_address>0x2462</load_address>
         <run_address>0x2462</run_address>
         <size>0x2c</size>
         <input_file_ref idref="fl-3"/>
      </object_component>
      <object_component id="oc-42f">
         <name>.debug_info</name>
         <load_address>0x248e</load_address>
         <run_address>0x248e</run_address>
         <size>0x147</size>
         <input_file_ref idref="fl-4"/>
      </object_component>
      <object_component id="oc-429">
         <name>.debug_info</name>
         <load_address>0x25d5</load_address>
         <run_address>0x25d5</run_address>
         <size>0x149</size>
         <input_file_ref idref="fl-4"/>
      </object_component>
      <object_component id="oc-423">
         <name>.debug_info</name>
         <load_address>0x271e</load_address>
         <run_address>0x271e</run_address>
         <size>0x159</size>
         <input_file_ref idref="fl-4"/>
      </object_component>
      <object_component id="oc-4de">
         <name>.debug_info</name>
         <load_address>0x2877</load_address>
         <run_address>0x2877</run_address>
         <size>0x173</size>
         <input_file_ref idref="fl-4"/>
      </object_component>
      <object_component id="oc-520">
         <name>.debug_info</name>
         <load_address>0x29ea</load_address>
         <run_address>0x29ea</run_address>
         <size>0x2eb</size>
         <input_file_ref idref="fl-5"/>
      </object_component>
      <object_component id="oc-51c">
         <name>.debug_info</name>
         <load_address>0x2cd5</load_address>
         <run_address>0x2cd5</run_address>
         <size>0x181</size>
         <input_file_ref idref="fl-5"/>
      </object_component>
      <object_component id="oc-465">
         <name>.debug_info</name>
         <load_address>0x2e56</load_address>
         <run_address>0x2e56</run_address>
         <size>0x1ad</size>
         <input_file_ref idref="fl-5"/>
      </object_component>
      <object_component id="oc-435">
         <name>.debug_info</name>
         <load_address>0x3003</load_address>
         <run_address>0x3003</run_address>
         <size>0x161</size>
         <input_file_ref idref="fl-5"/>
      </object_component>
      <object_component id="oc-447">
         <name>.debug_info</name>
         <load_address>0x3164</load_address>
         <run_address>0x3164</run_address>
         <size>0x51a</size>
         <input_file_ref idref="fl-6"/>
      </object_component>
      <object_component id="oc-3fb">
         <name>.debug_info</name>
         <load_address>0x367e</load_address>
         <run_address>0x367e</run_address>
         <size>0x26b</size>
         <input_file_ref idref="fl-6"/>
      </object_component>
      <object_component id="oc-518">
         <name>.debug_info</name>
         <load_address>0x38e9</load_address>
         <run_address>0x38e9</run_address>
         <size>0x22d</size>
         <input_file_ref idref="fl-27"/>
      </object_component>
      <object_component id="oc-462">
         <name>.debug_info</name>
         <load_address>0x3b16</load_address>
         <run_address>0x3b16</run_address>
         <size>0x1c6</size>
         <input_file_ref idref="fl-27"/>
      </object_component>
      <object_component id="oc-508">
         <name>.debug_info</name>
         <load_address>0x3cdc</load_address>
         <run_address>0x3cdc</run_address>
         <size>0x19c</size>
         <input_file_ref idref="fl-27"/>
      </object_component>
      <object_component id="oc-50d">
         <name>.debug_info</name>
         <load_address>0x3e78</load_address>
         <run_address>0x3e78</run_address>
         <size>0x171</size>
         <input_file_ref idref="fl-27"/>
      </object_component>
      <object_component id="oc-627">
         <name>.debug_info</name>
         <load_address>0x3fe9</load_address>
         <run_address>0x3fe9</run_address>
         <size>0x2c</size>
         <input_file_ref idref="fl-27"/>
      </object_component>
      <object_component id="oc-39b">
         <name>.debug_info</name>
         <load_address>0x4015</load_address>
         <run_address>0x4015</run_address>
         <size>0x113</size>
         <input_file_ref idref="fl-3e"/>
      </object_component>
      <object_component id="oc-4fc">
         <name>.debug_info</name>
         <load_address>0x4128</load_address>
         <run_address>0x4128</run_address>
         <size>0x124</size>
         <input_file_ref idref="fl-3f"/>
      </object_component>
      <object_component id="oc-4e6">
         <name>.debug_info</name>
         <load_address>0x424c</load_address>
         <run_address>0x424c</run_address>
         <size>0x134</size>
         <input_file_ref idref="fl-41"/>
      </object_component>
      <object_component id="oc-5ea">
         <name>.debug_info</name>
         <load_address>0x4380</load_address>
         <run_address>0x4380</run_address>
         <size>0x134</size>
         <input_file_ref idref="fl-43"/>
      </object_component>
      <object_component id="oc-37e">
         <name>.debug_info</name>
         <load_address>0x44b4</load_address>
         <run_address>0x44b4</run_address>
         <size>0x104</size>
         <input_file_ref idref="fl-46"/>
      </object_component>
      <object_component id="oc-3b1">
         <name>.debug_info</name>
         <load_address>0x45b8</load_address>
         <run_address>0x45b8</run_address>
         <size>0x17e</size>
         <input_file_ref idref="fl-46"/>
      </object_component>
      <object_component id="oc-53f">
         <name>.debug_info</name>
         <load_address>0x4736</load_address>
         <run_address>0x4736</run_address>
         <size>0x400</size>
         <input_file_ref idref="fl-47"/>
      </object_component>
      <object_component id="oc-49b">
         <name>.debug_info</name>
         <load_address>0x4b36</load_address>
         <run_address>0x4b36</run_address>
         <size>0x234</size>
         <input_file_ref idref="fl-47"/>
      </object_component>
      <object_component id="oc-5cb">
         <name>.debug_info</name>
         <load_address>0x4d6a</load_address>
         <run_address>0x4d6a</run_address>
         <size>0x39</size>
         <input_file_ref idref="fl-47"/>
      </object_component>
      <object_component id="oc-5d7">
         <name>.debug_info</name>
         <load_address>0x4da3</load_address>
         <run_address>0x4da3</run_address>
         <size>0x2c</size>
         <input_file_ref idref="fl-47"/>
      </object_component>
      <object_component id="oc-54a">
         <name>.debug_info</name>
         <load_address>0x4dcf</load_address>
         <run_address>0x4dcf</run_address>
         <size>0x2c</size>
         <input_file_ref idref="fl-47"/>
      </object_component>
      <object_component id="oc-5d0">
         <name>.debug_info</name>
         <load_address>0x4dfb</load_address>
         <run_address>0x4dfb</run_address>
         <size>0xcd</size>
         <input_file_ref idref="fl-47"/>
      </object_component>
      <object_component id="oc-3f2">
         <name>.debug_info</name>
         <load_address>0x4ec8</load_address>
         <run_address>0x4ec8</run_address>
         <size>0x183</size>
         <input_file_ref idref="fl-48"/>
      </object_component>
      <object_component id="oc-3a7">
         <name>.debug_info</name>
         <load_address>0x504b</load_address>
         <run_address>0x504b</run_address>
         <size>0x1c9</size>
         <input_file_ref idref="fl-48"/>
      </object_component>
      <object_component id="oc-3ed">
         <name>.debug_info</name>
         <load_address>0x5214</load_address>
         <run_address>0x5214</run_address>
         <size>0x46</size>
         <input_file_ref idref="fl-48"/>
      </object_component>
      <object_component id="oc-3e4">
         <name>.debug_info</name>
         <load_address>0x525a</load_address>
         <run_address>0x525a</run_address>
         <size>0x2c</size>
         <input_file_ref idref="fl-49"/>
      </object_component>
      <object_component id="oc-3f8">
         <name>.debug_info</name>
         <load_address>0x5286</load_address>
         <run_address>0x5286</run_address>
         <size>0x157</size>
         <input_file_ref idref="fl-4b"/>
      </object_component>
      <object_component id="oc-539">
         <name>.debug_info</name>
         <load_address>0x53dd</load_address>
         <run_address>0x53dd</run_address>
         <size>0x154</size>
         <input_file_ref idref="fl-4c"/>
      </object_component>
      <object_component id="oc-398">
         <name>.debug_info</name>
         <load_address>0x5531</load_address>
         <run_address>0x5531</run_address>
         <size>0x193</size>
         <input_file_ref idref="fl-4d"/>
      </object_component>
      <object_component id="oc-75">
         <name>.debug_info</name>
         <load_address>0x56c4</load_address>
         <run_address>0x56c4</run_address>
         <size>0x1d7</size>
         <input_file_ref idref="fl-4d"/>
      </object_component>
      <object_component id="oc-393">
         <name>.debug_info</name>
         <load_address>0x589b</load_address>
         <run_address>0x589b</run_address>
         <size>0x46</size>
         <input_file_ref idref="fl-4d"/>
      </object_component>
      <object_component id="oc-3e1">
         <name>.debug_info</name>
         <load_address>0x58e1</load_address>
         <run_address>0x58e1</run_address>
         <size>0x17f</size>
         <input_file_ref idref="fl-4e"/>
      </object_component>
      <object_component id="oc-70">
         <name>.debug_info</name>
         <load_address>0x5a60</load_address>
         <run_address>0x5a60</run_address>
         <size>0x254</size>
         <input_file_ref idref="fl-4e"/>
      </object_component>
      <object_component id="oc-382">
         <name>.debug_info</name>
         <load_address>0x5cb4</load_address>
         <run_address>0x5cb4</run_address>
         <size>0x60</size>
         <input_file_ref idref="fl-4e"/>
      </object_component>
      <object_component id="oc-416">
         <name>.debug_info</name>
         <load_address>0x5d14</load_address>
         <run_address>0x5d14</run_address>
         <size>0x46</size>
         <input_file_ref idref="fl-4e"/>
      </object_component>
      <object_component id="oc-3dc">
         <name>.debug_info</name>
         <load_address>0x5d5a</load_address>
         <run_address>0x5d5a</run_address>
         <size>0x39</size>
         <input_file_ref idref="fl-4e"/>
      </object_component>
      <object_component id="oc-57f">
         <name>.debug_info</name>
         <load_address>0x5d93</load_address>
         <run_address>0x5d93</run_address>
         <size>0x1ab</size>
         <input_file_ref idref="fl-4f"/>
      </object_component>
      <object_component id="oc-4f6">
         <name>.debug_info</name>
         <load_address>0x5f3e</load_address>
         <run_address>0x5f3e</run_address>
         <size>0x256</size>
         <input_file_ref idref="fl-4f"/>
      </object_component>
      <object_component id="oc-57a">
         <name>.debug_info</name>
         <load_address>0x6194</load_address>
         <run_address>0x6194</run_address>
         <size>0x94</size>
         <input_file_ref idref="fl-4f"/>
      </object_component>
      <object_component id="oc-4f0">
         <name>.debug_info</name>
         <load_address>0x6228</load_address>
         <run_address>0x6228</run_address>
         <size>0x16a</size>
         <input_file_ref idref="fl-50"/>
      </object_component>
      <object_component id="oc-5e8">
         <name>.debug_info</name>
         <load_address>0x6392</load_address>
         <run_address>0x6392</run_address>
         <size>0x179</size>
         <input_file_ref idref="fl-51"/>
      </object_component>
      <object_component id="oc-56e">
         <name>.debug_info</name>
         <load_address>0x650b</load_address>
         <run_address>0x650b</run_address>
         <size>0x1c5</size>
         <input_file_ref idref="fl-51"/>
      </object_component>
      <object_component id="oc-5f4">
         <name>.debug_info</name>
         <load_address>0x66d0</load_address>
         <run_address>0x66d0</run_address>
         <size>0x180</size>
         <input_file_ref idref="fl-52"/>
      </object_component>
      <object_component id="oc-574">
         <name>.debug_info</name>
         <load_address>0x6850</load_address>
         <run_address>0x6850</run_address>
         <size>0x5c1</size>
         <input_file_ref idref="fl-52"/>
      </object_component>
      <object_component id="oc-477">
         <name>.debug_info</name>
         <load_address>0x6e11</load_address>
         <run_address>0x6e11</run_address>
         <size>0x126</size>
         <input_file_ref idref="fl-53"/>
      </object_component>
      <object_component id="oc-3e3">
         <name>.debug_info</name>
         <load_address>0x6f37</load_address>
         <run_address>0x6f37</run_address>
         <size>0x19e</size>
         <input_file_ref idref="fl-56"/>
      </object_component>
      <object_component id="oc-38d">
         <name>.debug_info</name>
         <load_address>0x70d5</load_address>
         <run_address>0x70d5</run_address>
         <size>0x17e</size>
         <input_file_ref idref="fl-56"/>
      </object_component>
      <object_component id="oc-5a4">
         <name>.debug_info</name>
         <load_address>0x7253</load_address>
         <run_address>0x7253</run_address>
         <size>0x487</size>
         <input_file_ref idref="fl-57"/>
      </object_component>
      <object_component id="oc-58d">
         <name>.debug_info</name>
         <load_address>0x76da</load_address>
         <run_address>0x76da</run_address>
         <size>0x232</size>
         <input_file_ref idref="fl-57"/>
      </object_component>
      <object_component id="oc-651">
         <name>.debug_info</name>
         <load_address>0x790c</load_address>
         <run_address>0x790c</run_address>
         <size>0x1b7</size>
         <input_file_ref idref="fl-57"/>
      </object_component>
      <object_component id="oc-656">
         <name>.debug_info</name>
         <load_address>0x7ac3</load_address>
         <run_address>0x7ac3</run_address>
         <size>0x2a1</size>
         <input_file_ref idref="fl-57"/>
      </object_component>
      <object_component id="oc-60a">
         <name>.debug_info</name>
         <load_address>0x7d64</load_address>
         <run_address>0x7d64</run_address>
         <size>0x25a</size>
         <input_file_ref idref="fl-57"/>
      </object_component>
      <object_component id="oc-6bf">
         <name>.debug_info</name>
         <load_address>0x7fbe</load_address>
         <run_address>0x7fbe</run_address>
         <size>0x3cf</size>
         <input_file_ref idref="fl-57"/>
      </object_component>
      <object_component id="oc-6c6">
         <name>.debug_info</name>
         <load_address>0x838d</load_address>
         <run_address>0x838d</run_address>
         <size>0x1c1</size>
         <input_file_ref idref="fl-57"/>
      </object_component>
      <object_component id="oc-6cc">
         <name>.debug_info</name>
         <load_address>0x854e</load_address>
         <run_address>0x854e</run_address>
         <size>0x219</size>
         <input_file_ref idref="fl-57"/>
      </object_component>
      <object_component id="oc-66f">
         <name>.debug_info</name>
         <load_address>0x8767</load_address>
         <run_address>0x8767</run_address>
         <size>0x27c</size>
         <input_file_ref idref="fl-57"/>
      </object_component>
      <object_component id="oc-6d2">
         <name>.debug_info</name>
         <load_address>0x89e3</load_address>
         <run_address>0x89e3</run_address>
         <size>0x3e6</size>
         <input_file_ref idref="fl-57"/>
      </object_component>
      <object_component id="oc-6d9">
         <name>.debug_info</name>
         <load_address>0x8dc9</load_address>
         <run_address>0x8dc9</run_address>
         <size>0x20a</size>
         <input_file_ref idref="fl-57"/>
      </object_component>
      <object_component id="oc-674">
         <name>.debug_info</name>
         <load_address>0x8fd3</load_address>
         <run_address>0x8fd3</run_address>
         <size>0x241</size>
         <input_file_ref idref="fl-57"/>
      </object_component>
      <object_component id="oc-67b">
         <name>.debug_info</name>
         <load_address>0x9214</load_address>
         <run_address>0x9214</run_address>
         <size>0x390</size>
         <input_file_ref idref="fl-57"/>
      </object_component>
      <object_component id="oc-6ed">
         <name>.debug_info</name>
         <load_address>0x95a4</load_address>
         <run_address>0x95a4</run_address>
         <size>0x3d3</size>
         <input_file_ref idref="fl-57"/>
      </object_component>
      <object_component id="oc-680">
         <name>.debug_info</name>
         <load_address>0x9977</load_address>
         <run_address>0x9977</run_address>
         <size>0x28f</size>
         <input_file_ref idref="fl-57"/>
      </object_component>
      <object_component id="oc-60f">
         <name>.debug_info</name>
         <load_address>0x9c06</load_address>
         <run_address>0x9c06</run_address>
         <size>0x399</size>
         <input_file_ref idref="fl-57"/>
      </object_component>
      <object_component id="oc-593">
         <name>.debug_info</name>
         <load_address>0x9f9f</load_address>
         <run_address>0x9f9f</run_address>
         <size>0x309</size>
         <input_file_ref idref="fl-57"/>
      </object_component>
      <object_component id="oc-599">
         <name>.debug_info</name>
         <load_address>0xa2a8</load_address>
         <run_address>0xa2a8</run_address>
         <size>0x26b</size>
         <input_file_ref idref="fl-57"/>
      </object_component>
      <object_component id="oc-59f">
         <name>.debug_info</name>
         <load_address>0xa513</load_address>
         <run_address>0xa513</run_address>
         <size>0x26e</size>
         <input_file_ref idref="fl-57"/>
[...]
         <value>0xffdc</value>
         <object_component_ref idref="oc-7e"/>
      </symbol>
      <symbol id="sm-49a">
         <name>__TI_int47</name>
         <value>0xffde</value>
         <object_component_ref idref="oc-7f"/>
      </symbol>
      <symbol id="sm-49d">
         <name>__TI_int48</name>
         <value>0xffe0</value>
         <object_component_ref idref="oc-80"/>
      </symbol>
      <symbol id="sm-4a0">
         <name>__TI_int49</name>
         <value>0xffe2</value>
         <object_component_ref idref="oc-81"/>
      </symbol>
      <symbol id="sm-4a3">
         <name>__TI_int50</name>
         <value>0xffe4</value>
         <object_component_ref idref="oc-82"/>
      </symbol>
      <symbol id="sm-4a6">
         <name>__TI_int51</name>
         <value>0xffe6</value>
         <object_component_ref idref="oc-83"/>
      </symbol>
      <symbol id="sm-4a9">
         <name>__TI_int52</name>
         <value>0xffe8</value>
         <object_component_ref idref="oc-84"/>
      </symbol>
      <symbol id="sm-4ac">
         <name>__TI_int53</name>
         <value>0xffea</value>
         <object_component_ref idref="oc-85"/>
      </symbol>
      <symbol id="sm-4af">
         <name>__TI_int54</name>
         <value>0xffec</value>
         <object_component_ref idref="oc-86"/>
      </symbol>
      <symbol id="sm-4b2">
         <name>__TI_int55</name>
         <value>0xffee</value>
         <object_component_ref idref="oc-87"/>
      </symbol>
      <symbol id="sm-4b5">
         <name>__TI_int56</name>
         <value>0xfff0</value>
         <object_component_ref idref="oc-88"/>
      </symbol>
      <symbol id="sm-4b8">
         <name>__TI_int57</name>
         <value>0xfff2</value>
         <object_component_ref idref="oc-89"/>
      </symbol>
      <symbol id="sm-4bb">
         <name>__TI_int58</name>
         <value>0xfff4</value>
         <object_component_ref idref="oc-8a"/>
      </symbol>
      <symbol id="sm-4be">
         <name>__TI_int59</name>
         <value>0xfff6</value>
         <object_component_ref idref="oc-8b"/>
      </symbol>
      <symbol id="sm-4c1">
         <name>__TI_int60</name>
         <value>0xfff8</value>
         <object_component_ref idref="oc-8c"/>
      </symbol>
      <symbol id="sm-4c4">
         <name>__TI_int61</name>
         <value>0xfffa</value>
         <object_component_ref idref="oc-8d"/>
      </symbol>
      <symbol id="sm-4c7">
         <name>__TI_int62</name>
         <value>0xfffc</value>
         <object_component_ref idref="oc-8e"/>
      </symbol>
      <symbol id="sm-4cf">
         <name>__TI_ISR_TRAP</name>
         <value>0x441c</value>
         <object_component_ref idref="oc-399"/>
      </symbol>
      <symbol id="sm-4d8">
         <name>__mspabi_slli</name>
         <value>0x141de</value>
         <object_component_ref idref="oc-4fb"/>
      </symbol>
      <symbol id="sm-4e1">
         <name>__mspabi_mpyi_f5hw</name>
         <value>0x140b2</value>
         <object_component_ref idref="oc-4e3"/>
      </symbol>
      <symbol id="sm-4ea">
         <name>__mspabi_mpyl_f5hw</name>
         <value>0x14034</value>
         <object_component_ref idref="oc-5e9"/>
      </symbol>
      <symbol id="sm-4fc">
         <name>_stack</name>
         <value>0x4360</value>
         <object_component_ref idref="oc-37d"/>
      </symbol>
      <symbol id="sm-4fd">
         <name>_c_int00_noargs</name>
         <value>0x4400</value>
         <object_component_ref idref="oc-3b0"/>
      </symbol>
      <symbol id="sm-4fe">
         <name>_reset_vector</name>
         <value>0xfffe</value>
         <object_component_ref idref="oc-380"/>
      </symbol>
      <symbol id="sm-521">
         <name>__TI_auto_init_nobinit_nopinit_hold_wdt</name>
         <value>0x13b72</value>
         <object_component_ref idref="oc-49a"/>
      </symbol>
      <symbol id="sm-534">
         <name>__TI_zero_init</name>
         <value>0x14010</value>
         <object_component_ref idref="oc-3a4"/>
      </symbol>
      <symbol id="sm-544">
         <name>_system_pre_init</name>
         <value>0x141f4</value>
         <object_component_ref idref="oc-3f4"/>
      </symbol>
      <symbol id="sm-54d">
         <name>_system_post_cinit</name>
         <value>0x141f8</value>
         <object_component_ref idref="oc-538"/>
      </symbol>
      <symbol id="sm-55e">
         <name>__TI_decompress_none</name>
         <value>0x1414a</value>
         <object_component_ref idref="oc-73"/>
      </symbol>
      <symbol id="sm-581">
         <name>__TI_decompress_lzss</name>
         <value>0x138c8</value>
         <object_component_ref idref="oc-6d"/>
      </symbol>
      <symbol id="sm-5a7">
         <name>__mspabi_divd</name>
         <value>0x11d90</value>
         <object_component_ref idref="oc-4f4"/>
      </symbol>
      <symbol id="sm-5b0">
         <name>__mspabi_fltud</name>
         <value>0x141e8</value>
         <object_component_ref idref="oc-4ee"/>
      </symbol>
      <symbol id="sm-5c5">
         <name>__mspabi_fltuld</name>
         <value>0x13750</value>
         <object_component_ref idref="oc-56c"/>
      </symbol>
      <symbol id="sm-5e0">
         <name>__TI_frcdivd</name>
         <value>0x10000</value>
         <object_component_ref idref="oc-573"/>
      </symbol>
      <symbol id="sm-5ea">
         <name>C$$EXIT</name>
         <value>0x141ee</value>
         <object_component_ref idref="oc-476"/>
      </symbol>
      <symbol id="sm-5eb">
         <name>abort</name>
         <value>0x141ee</value>
         <object_component_ref idref="oc-476"/>
      </symbol>
      <symbol id="sm-5fb">
         <name>memcpy</name>
         <value>0x14136</value>
         <object_component_ref idref="oc-38c"/>
      </symbol>
      <symbol id="sm-7ca">
         <name>__TI_printfi</name>
         <value>0x10a94</value>
         <object_component_ref idref="oc-511"/>
      </symbol>
      <symbol id="sm-7e6">
         <name>frexpl</name>
         <value>0x134ec</value>
         <object_component_ref idref="oc-6e4"/>
      </symbol>
      <symbol id="sm-7e7">
         <name>frexp</name>
         <value>0x134ec</value>
         <object_component_ref idref="oc-6e4"/>
      </symbol>
      <symbol id="sm-800">
         <name>scalbn</name>
         <value>0x12a5a</value>
         <object_component_ref idref="oc-74c"/>
      </symbol>
      <symbol id="sm-801">
         <name>scalbnl</name>
         <value>0x12a5a</value>
         <object_component_ref idref="oc-74c"/>
      </symbol>
      <symbol id="sm-802">
         <name>ldexpl</name>
         <value>0x12a5a</value>
         <object_component_ref idref="oc-74c"/>
      </symbol>
      <symbol id="sm-803">
         <name>ldexp</name>
         <value>0x12a5a</value>
         <object_component_ref idref="oc-74c"/>
      </symbol>
      <symbol id="sm-81b">
         <name>wcslen</name>
         <value>0x1410c</value>
         <object_component_ref idref="oc-61b"/>
      </symbol>
      <symbol id="sm-824">
         <name>copysign</name>
         <value>0x13fba</value>
         <object_component_ref idref="oc-781"/>
      </symbol>
      <symbol id="sm-825">
         <name>copysignl</name>
         <value>0x13fba</value>
         <object_component_ref idref="oc-781"/>
      </symbol>
      <symbol id="sm-835">
         <name>__mspabi_sral</name>
         <value>0x1417e</value>
         <object_component_ref idref="oc-7a5"/>
      </symbol>
      <symbol id="sm-836">
         <name>__mspabi_sral_15</name>
         <value>0x13ce4</value>
         <object_component_ref idref="oc-5ee"/>
      </symbol>
      <symbol id="sm-837">
         <name>__mspabi_sral_14</name>
         <value>0x13ce8</value>
         <object_component_ref idref="oc-5ee"/>
      </symbol>
      <symbol id="sm-838">
         <name>__mspabi_sral_13</name>
         <value>0x13cec</value>
         <object_component_ref idref="oc-5ee"/>
      </symbol>
      <symbol id="sm-839">
         <name>__mspabi_sral_12</name>
         <value>0x13cf0</value>
         <object_component_ref idref="oc-5ee"/>
      </symbol>
      <symbol id="sm-83a">
         <name>__mspabi_sral_11</name>
         <value>0x13cf4</value>
         <object_component_ref idref="oc-5ee"/>
      </symbol>
      <symbol id="sm-83b">
         <name>__mspabi_sral_10</name>
         <value>0x13cf8</value>
         <object_component_ref idref="oc-5ee"/>
      </symbol>
      <symbol id="sm-83c">
         <name>__mspabi_sral_8</name>
         <value>0x13d00</value>
         <object_component_ref idref="oc-5ee"/>
      </symbol>
      <symbol id="sm-83d">
         <name>__mspabi_sral_9</name>
         <value>0x13cfc</value>
         <object_component_ref idref="oc-5ee"/>
      </symbol>
      <symbol id="sm-83e">
         <name>__mspabi_sral_6</name>
         <value>0x13d08</value>
         <object_component_ref idref="oc-5ee"/>
      </symbol>
      <symbol id="sm-83f">
         <name>__mspabi_sral_7</name>
         <value>0x13d04</value>
         <object_component_ref idref="oc-5ee"/>
      </symbol>
      <symbol id="sm-840">
         <name>__mspabi_sral_4</name>
         <value>0x13d10</value>
         <object_component_ref idref="oc-5ee"/>
      </symbol>
      <symbol id="sm-841">
         <name>__mspabi_sral_5</name>
         <value>0x13d0c</value>
         <object_component_ref idref="oc-5ee"/>
      </symbol>
      <symbol id="sm-842">
         <name>__mspabi_sral_2</name>
         <value>0x13d18</value>
         <object_component_ref idref="oc-5ee"/>
      </symbol>
      <symbol id="sm-843">
         <name>__mspabi_sral_3</name>
         <value>0x13d14</value>
         <object_component_ref idref="oc-5ee"/>
      </symbol>
      <symbol id="sm-844">
         <name>__mspabi_sral_1</name>
         <value>0x13d1c</value>
         <object_component_ref idref="oc-5ee"/>
      </symbol>
      <symbol id="sm-84e">
         <name>__mspabi_remu</name>
         <value>0x140f6</value>
         <object_component_ref idref="oc-6a9"/>
      </symbol>
      <symbol id="sm-84f">
         <name>__mspabi_divu</name>
         <value>0x140f6</value>
         <object_component_ref idref="oc-6a9"/>
      </symbol>
      <symbol id="sm-85d">
         <name>__mspabi_remul</name>
         <value>0x13ac4</value>
         <object_component_ref idref="oc-6a4"/>
      </symbol>
      <symbol id="sm-85e">
         <name>__mspabi_divul</name>
         <value>0x13ac4</value>
         <object_component_ref idref="oc-6a4"/>
      </symbol>
      <symbol id="sm-86e">
         <name>__mspabi_slll_9</name>
         <value>0x13d3a</value>
         <object_component_ref idref="oc-5dd"/>
      </symbol>
      <symbol id="sm-86f">
         <name>__mspabi_slll_8</name>
         <value>0x13d3e</value>
         <object_component_ref idref="oc-5dd"/>
      </symbol>
      <symbol id="sm-870">
         <name>__mspabi_slll_7</name>
         <value>0x13d42</value>
         <object_component_ref idref="oc-5dd"/>
      </symbol>
      <symbol id="sm-871">
         <name>__mspabi_slll_6</name>
         <value>0x13d46</value>
         <object_component_ref idref="oc-5dd"/>
      </symbol>
      <symbol id="sm-872">
         <name>__mspabi_slll_5</name>
         <value>0x13d4a</value>
         <object_component_ref idref="oc-5dd"/>
      </symbol>
      <symbol id="sm-873">
         <name>__mspabi_slll_4</name>
         <value>0x13d4e</value>
         <object_component_ref idref="oc-5dd"/>
      </symbol>
      <symbol id="sm-874">
         <name>__mspabi_slll_3</name>
         <value>0x13d52</value>
         <object_component_ref idref="oc-5dd"/>
      </symbol>
      <symbol id="sm-875">
         <name>__mspabi_slll_2</name>
         <value>0x13d56</value>
         <object_component_ref idref="oc-5dd"/>
      </symbol>
      <symbol id="sm-876">
         <name>__mspabi_slll_1</name>
         <value>0x13d5a</value>
         <object_component_ref idref="oc-5dd"/>
      </symbol>
      <symbol id="sm-877">
         <name>__mspabi_slll</name>
         <value>0x1418e</value>
         <object_component_ref idref="oc-7a0"/>
      </symbol>
      <symbol id="sm-878">
         <name>__mspabi_slll_15</name>
         <value>0x13d22</value>
         <object_component_ref idref="oc-5dd"/>
      </symbol>
      <symbol id="sm-879">
         <name>__mspabi_slll_14</name>
         <value>0x13d26</value>
         <object_component_ref idref="oc-5dd"/>
      </symbol>
      <symbol id="sm-87a">
         <name>__mspabi_slll_13</name>
         <value>0x13d2a</value>
         <object_component_ref idref="oc-5dd"/>
      </symbol>
      <symbol id="sm-87b">
         <name>__mspabi_slll_12</name>
         <value>0x13d2e</value>
         <object_component_ref idref="oc-5dd"/>
      </symbol>
      <symbol id="sm-87c">
         <name>__mspabi_slll_11</name>
         <value>0x13d32</value>
         <object_component_ref idref="oc-5dd"/>
      </symbol>
      <symbol id="sm-87d">
         <name>__mspabi_slll_10</name>
         <value>0x13d36</value>
         <object_component_ref idref="oc-5dd"/>
      </symbol>
      <symbol id="sm-88d">
         <name>__mspabi_srll_8</name>
         <value>0x13d7c</value>
         <object_component_ref idref="oc-5e2"/>
      </symbol>
      <symbol id="sm-88e">
         <name>__mspabi_srll_9</name>
         <value>0x13d78</value>
         <object_component_ref idref="oc-5e2"/>
      </symbol>
      <symbol id="sm-88f">
         <name>__mspabi_srll_6</name>
         <value>0x13d84</value>
         <object_component_ref idref="oc-5e2"/>
      </symbol>
      <symbol id="sm-890">
         <name>__mspabi_srll_7</name>
         <value>0x13d80</value>
         <object_component_ref idref="oc-5e2"/>
      </symbol>
      <symbol id="sm-891">
         <name>__mspabi_srll_4</name>
         <value>0x13d8c</value>
         <object_component_ref idref="oc-5e2"/>
      </symbol>
      <symbol id="sm-892">
         <name>__mspabi_srll_5</name>
         <value>0x13d88</value>
         <object_component_ref idref="oc-5e2"/>
      </symbol>
      <symbol id="sm-893">
         <name>__mspabi_srll_2</name>
         <value>0x13d94</value>
         <object_component_ref idref="oc-5e2"/>
      </symbol>
      <symbol id="sm-894">
         <name>__mspabi_srll_3</name>
         <value>0x13d90</value>
         <object_component_ref idref="oc-5e2"/>
      </symbol>
      <symbol id="sm-895">
         <name>__mspabi_srll_1</name>
         <value>0x13d98</value>
         <object_component_ref idref="oc-5e2"/>
      </symbol>
      <symbol id="sm-896">
         <name>__mspabi_srll_15</name>
         <value>0x13d60</value>
         <object_component_ref idref="oc-5e2"/>
      </symbol>
      <symbol id="sm-897">
         <name>__mspabi_srll_14</name>
         <value>0x13d64</value>
         <object_component_ref idref="oc-5e2"/>
      </symbol>
      <symbol id="sm-898">
         <name>__mspabi_srll_13</name>
         <value>0x13d68</value>
         <object_component_ref idref="oc-5e2"/>
      </symbol>
      <symbol id="sm-899">
         <name>__mspabi_srll_12</name>
         <value>0x13d6c</value>
         <object_component_ref idref="oc-5e2"/>
      </symbol>
      <symbol id="sm-89a">
         <name>__mspabi_srll_11</name>
         <value>0x13d70</value>
         <object_component_ref idref="oc-5e2"/>
      </symbol>
      <symbol id="sm-89b">
         <name>__mspabi_srll_10</name>
         <value>0x13d74</value>
         <object_component_ref idref="oc-5e2"/>
      </symbol>
      <symbol id="sm-89c">
         <name>__mspabi_srll</name>
         <value>0x1419e</value>
         <object_component_ref idref="oc-703"/>
      </symbol>
      <symbol id="sm-8ab">
         <name>__mspabi_srlll</name>
         <value>0x13e50</value>
         <object_component_ref idref="oc-6ae"/>
      </symbol>
      <symbol id="sm-8de">
         <name>__mspabi_divull</name>
         <value>0x10466</value>
         <object_component_ref idref="oc-69e"/>
      </symbol>
      <symbol id="sm-900">
         <name>__mspabi_addd</name>
         <value>0x107b4</value>
         <object_component_ref idref="oc-76d"/>
      </symbol>
      <symbol id="sm-91a">
         <name>__mspabi_cmpd</name>
         <value>0x131f4</value>
         <object_component_ref idref="oc-684"/>
      </symbol>
      <symbol id="sm-927">
         <name>__mspabi_fixdi</name>
         <value>0x13fe8</value>
         <object_component_ref idref="oc-72c"/>
      </symbol>
      <symbol id="sm-936">
         <name>__mspabi_fixdli</name>
         <value>0x1393e</value>
         <object_component_ref idref="oc-714"/>
      </symbol>
      <symbol id="sm-93f">
         <name>__mspabi_fltid</name>
         <value>0x141c8</value>
         <object_component_ref idref="oc-758"/>
      </symbol>
      <symbol id="sm-957">
         <name>__mspabi_fltlid</name>
         <value>0x13592</value>
         <object_component_ref idref="oc-720"/>
      </symbol>
      <symbol id="sm-978">
         <name>__TI_frcaddd</name>
         <value>0x11702</value>
         <object_component_ref idref="oc-791"/>
      </symbol>
      <symbol id="sm-999">
         <name>__mspabi_mpyd</name>
         <value>0x1149c</value>
         <object_component_ref idref="oc-6dd"/>
      </symbol>
      <symbol id="sm-9a2">
         <name>__mspabi_negd</name>
         <value>0x13f8c</value>
         <object_component_ref idref="oc-666"/>
      </symbol>
      <symbol id="sm-9b6">
         <name>__TI_renormd</name>
         <value>0x13394</value>
         <object_component_ref idref="oc-7aa"/>
      </symbol>
      <symbol id="sm-9bf">
         <name>__mspabi_subd</name>
         <value>0x13f2a</value>
         <object_component_ref idref="oc-726"/>
      </symbol>
      <symbol id="sm-9d2">
         <name>atoi</name>
         <value>0x13a08</value>
         <object_component_ref idref="oc-5f9"/>
      </symbol>
      <symbol id="sm-9dc">
         <name>_ctypes_</name>
         <value>0x4424</value>
         <object_component_ref idref="oc-647"/>
      </symbol>
      <symbol id="sm-9eb">
         <name>ltoa</name>
         <value>0x137d0</value>
         <object_component_ref idref="oc-71a"/>
      </symbol>
      <symbol id="sm-9fa">
         <name>memccpy</name>
         <value>0x14078</value>
         <object_component_ref idref="oc-613"/>
      </symbol>
      <symbol id="sm-a08">
         <name>memset</name>
         <value>0x140e0</value>
         <object_component_ref idref="oc-600"/>
      </symbol>
      <symbol id="sm-a17">
         <name>strchr</name>
         <value>0x14096</value>
         <object_component_ref idref="oc-752"/>
      </symbol>
      <symbol id="sm-a24">
         <name>strlen</name>
         <value>0x141ae</value>
         <object_component_ref idref="oc-585"/>
      </symbol>
      <symbol id="sm-a31">
         <name>toupper</name>
         <value>0x1415c</value>
         <object_component_ref idref="oc-660"/>
      </symbol>
      <symbol id="sm-a38">
         <name>errno</name>
         <value>0x2890</value>
         <object_component_ref idref="oc-621"/>
      </symbol>
      <symbol id="sm-a42">
         <name>abs</name>
         <value>0x141d4</value>
         <object_component_ref idref="oc-733"/>
      </symbol>
      <symbol id="sm-a4e">
         <name>__mspabi_remli</name>
         <value>0x13ca4</value>
         <object_component_ref idref="oc-764"/>
      </symbol>
      <symbol id="sm-a4f">
         <name>__mspabi_divli</name>
         <value>0x13ca4</value>
         <object_component_ref idref="oc-764"/>
      </symbol>
      <symbol id="sm-a5c">
         <name>__mspabi_sllll</name>
         <value>0x13e16</value>
         <object_component_ref idref="oc-6fd"/>
      </symbol>
      <symbol id="sm-a6c">
         <name>__TI_frcmpyd</name>
         <value>0x10d3a</value>
         <object_component_ref idref="oc-73d"/>
      </symbol>
   </symbol_table>
   <title>Link successful</title>
</link_info>
